[wii.guide/index.html]
[backblue.gif]
[fade.gif]
[index.html]
[wii.guide/cdn-cgi/apps/head/y9ThtK2ml9JO5a6cGO5VrZHcSGM.js]
[wii.guide/feed.xml]
[wii.guide/assets/css/main.css]
[wii.guide/images/apple-touch-icone364.png]
[wii.guide/images/favicon-32x32e364.png]
[wii.guide/images/favicon-194x194e364.png]
[wii.guide/images/android-chrome-192x192e364.png]
[wii.guide/images/favicon-16x16e364.png]
[wii.guide/images/manifeste364.json]
[wii.guide/images/safari-pinned-tabe364.svg]
[wii.guide/images/favicone364.ico]
[cdnjs.cloudflare.com/ajax/libs/cookieconsent2/3.1.0/cookieconsent.min.css]
[cdnjs.cloudflare.com/ajax/libs/cookieconsent2/3.1.0/cookieconsent.min.js]
[wii.guide/images/pwa.js]
[wii.guide/get-started.html]
[wii.guide/site-navigation.html]
[wii.guide/faq.html]
[wii.guide/riiconnect24.html]
[wii.guide/wiimmfi.html]
[wii.guide/images/home-page-feature.jpg]
[wii.guide/es_ES/index.html]
[wii.guide/themes.html]
[wii.guide/de_DE/index.html]
[wii.guide/it_IT/index.html]
[wii.guide/zh_CN/index.html]
[wii.guide/wiiflow.html]
[wii.guide/fr_FR/index.html]
[wii.guide/pl_PL/index.html]
[wii.guide/tr_TR/index.html]
[wii.guide/usbloadergx.html]
[wii.guide/ko_KR/index.html]
[wii.guide/dump-games.html]
[wii.guide/ro_RO/index.html]
[wii.guide/dump-wads.html]
[wii.guide/hbb.html]
[wii.guide/bootmii.html]
[wii.guide/priiloader.html]
[wii.guide/privacy-policy]
[wii.guide/assets/js/main.min.js]
[www.google-analytics.com/analytics.js]
[wii.guide/index.html]
[wii.guide/cdn-cgi/scripts/7d0fa10a/cloudflare-static/rocket-loader.min.js]
[wii.guide/assets/fonts/fontawesome-webfont3e6e.eot]
[wii.guide/assets/fonts/fontawesome-webfontd41d.eot]
[wii.guide/assets/fonts/fontawesome-webfont3e6e.woff2]
[wii.guide/assets/fonts/fontawesome-webfont3e6e.woff]
[wii.guide/assets/fonts/fontawesome-webfont3e6e.ttf]
[wii.guide/assets/css/main.css]
[wii.guide/images/safari-pinned-tabe364.svg]
[cdnjs.cloudflare.com/ajax/libs/cookieconsent2/3.1.0/cookieconsent.min.css]
[wii.guide/assets/fonts/fontawesome-webfont3e6e.svg]
[wii.guide/get-started-2.html]
[wii.guide/es_ES/get-started.html]
[wii.guide/de_DE/get-started.html]
[wii.guide/fr_FR/get-started.html]
[wii.guide/it_IT/get-started.html]
[wii.guide/zh_CN/get-started.html]
[wii.guide/pl_PL/get-started.html]
[wii.guide/tr_TR/get-started.html]
[wii.guide/ko_KR/get-started.html]
[wii.guide/ro_RO/get-started.html]
[wii.guide/donations.html]
[wii.guide/credits]
[wii.guide/cdn-cgi/l/email-protection.html]
[wii.guide/update.html]
[wii.guide/str2hax.html]
[wii.guide/letterbomb.html]
[wii.guide/flashhax.html]
[wii.guide/bluebomb.html]
[wii.guide/get-started.html]
[wii.guide/cdn-cgi/scripts/5c5dd728/cloudflare-static/email-decode.min.js]
[wii.guide/site-navigation-2.html]
[wii.guide/es_ES/site-navigation.html]
[wii.guide/de_DE/site-navigation.html]
[wii.guide/fr_FR/site-navigation.html]
[wii.guide/it_IT/site-navigation.html]
[wii.guide/zh_CN/site-navigation.html]
[wii.guide/pl_PL/site-navigation.html]
[wii.guide/tr_TR/site-navigation.html]
[wii.guide/ko_KR/site-navigation.html]
[wii.guide/ro_RO/site-navigation.html]
[wii.guide/images/WiiTutorials.jpg]
[wii.guide/cios.html]
[wii.guide/kirby-tv.html]
[wii.guide/wiilink.html]
[wii.guide/riiconnect24-vwii.html]
[wii.guide/riiconnect24-dolphin.html]
[wii.guide/riiconnect24-dns-update.html]
[wii.guide/wiilink-demae-dominos.html]
[wii.guide/wiiwarepatcher.html]
[wii.guide/deleting-vffs.html]
[wii.guide/riiconnect24-batteryfix.html]
[wii.guide/news000006]
[wii.guide/dosanddonts.html]
[wii.guide/hbc.html]
[wii.guide/wiimodlite.html]
[wii.guide/wiigsc.html]
[wii.guide/rssmii.html]
[wii.guide/themes-vwii.html]
[wii.guide/syscheck.html]
[wii.guide/rssmii-remove.html]
[wii.guide/riitag.html]
[wii.guide/rtc.html]
[wii.guide/wiibackupmanager.html]
[wii.guide/hbc-mini.html]
[wii.guide/site-navigation.html]
[wii.guide/cios-mini.html]
[wii.guide/faq-2.html]
[wii.guide/es_ES/faq.html]
[wii.guide/de_DE/faq.html]
[wii.guide/fr_FR/faq.html]
[wii.guide/it_IT/faq.html]
[wii.guide/zh_CN/faq.html]
[wii.guide/pl_PL/faq.html]
[wii.guide/tr_TR/faq.html]
[wii.guide/ko_KR/faq.html]
[wii.guide/ro_RO/faq.html]
[wii.guide/images/Wii_Yellow_Gray.jpg]
[wii.guide/faq.html]
[wii.guide/riiconnect24-2.html]
[wii.guide/es_ES/riiconnect24.html]
[wii.guide/de_DE/riiconnect24.html]
[wii.guide/fr_FR/riiconnect24.html]
[wii.guide/it_IT/riiconnect24.html]
[wii.guide/zh_CN/riiconnect24.html]
[wii.guide/pl_PL/riiconnect24.html]
[wii.guide/tr_TR/riiconnect24.html]
[wii.guide/ko_KR/riiconnect24.html]
[wii.guide/ro_RO/riiconnect24.html]
[wii.guide/images/WiiRC24Logo.jpg]
[wii.guide/images/RC24_Patcher/1.jpg]
[wii.guide/images/RC24_Patcher/2.jpg]
[wii.guide/images/RC24_Patcher/3.jpg]
[wii.guide/images/RC24_Patcher/4.jpg]
[wii.guide/images/RC24_Patcher/5.jpg]
[wii.guide/images/RC24_Patcher/6.jpg]
[wii.guide/images/RC24_Patcher/7.jpg]
[wii.guide/images/RC24_Patcher/8.jpg]
[wii.guide/images/RC24_Patcher/9.jpg]
[wii.guide/images/RC24_Patcher/10.jpg]
[wii.guide/images/RC24_Patcher/11.png]
[wii.guide/riiconnect24.html]
[wii.guide/wiimmfi-2.html]
[wii.guide/es_ES/wiimmfi.html]
[wii.guide/de_DE/wiimmfi.html]
[wii.guide/fr_FR/wiimmfi.html]
[wii.guide/it_IT/wiimmfi.html]
[wii.guide/zh_CN/wiimmfi.html]
[wii.guide/pl_PL/wiimmfi.html]
[wii.guide/tr_TR/wiimmfi.html]
[wii.guide/ko_KR/wiimmfi.html]
[wii.guide/ro_RO/wiimmfi.html]
[wii.guide/images/WiiWiimmfiLogo.jpg]
[wii.guide/wiimmfi.html]
[wii.guide/es_ES/get-started-2.html]
[wii.guide/es_ES/site-navigation-2.html]
[wii.guide/es_ES/faq-2.html]
[wii.guide/es_ES/riiconnect24-2.html]
[wii.guide/es_ES/wiimmfi-2.html]
[wii.guide/es_ES/themes.html]
[wii.guide/es_ES/wiiflow.html]
[wii.guide/es_ES/usbloadergx.html]
[wii.guide/es_ES/dump-wads.html]
[wii.guide/es_ES/hbb.html]
[wii.guide/es_ES/bootmii.html]
[wii.guide/es_ES/priiloader.html]
[wii.guide/es_ES/privacy-policy]
[wii.guide/es_ES/index.html]
[wii.guide/de_DE/get-started-2.html]
[wii.guide/de_DE/site-navigation-2.html]
[wii.guide/de_DE/faq-2.html]
[wii.guide/de_DE/riiconnect24-2.html]
[wii.guide/de_DE/wiimmfi-2.html]
[wii.guide/de_DE/themes.html]
[wii.guide/de_DE/wiiflow.html]
[wii.guide/de_DE/usbloadergx.html]
[wii.guide/de_DE/dump-wads.html]
[wii.guide/de_DE/hbb.html]
[wii.guide/de_DE/bootmii.html]
[wii.guide/de_DE/priiloader.html]
[wii.guide/de_DE/privacy-policy]
[wii.guide/de_DE/index.html]
[wii.guide/fr_FR/get-started-2.html]
[wii.guide/fr_FR/site-navigation-2.html]
[wii.guide/fr_FR/faq-2.html]
[wii.guide/fr_FR/riiconnect24-2.html]
[wii.guide/fr_FR/wiimmfi-2.html]
[wii.guide/fr_FR/themes.html]
[wii.guide/fr_FR/wiiflow.html]
[wii.guide/fr_FR/usbloadergx.html]
[wii.guide/fr_FR/dump-wads.html]
[wii.guide/fr_FR/hbb.html]
[wii.guide/fr_FR/bootmii.html]
[wii.guide/fr_FR/priiloader.html]
[wii.guide/fr_FR/privacy-policy]
[wii.guide/fr_FR/index.html]
[wii.guide/it_IT/iniziare]
[wii.guide/it_IT/navigazione del sito]
[wii.guide/it_IT/faq-2.html]
[wii.guide/it_IT/riiconnect24-2.html]
[wii.guide/it_IT/wiimmfi-2.html]
[wii.guide/it_IT/themes.html]
[wii.guide/it_IT/wiiflow.html]
[wii.guide/it_IT/usbloadergx.html]
[wii.guide/it_IT/dump-wads.html]
[wii.guide/it_IT/hbb.html]
[wii.guide/it_IT/bootmii.html]
[wii.guide/it_IT/priiloader.html]
[wii.guide/it_IT/get-started-2.html]
[wii.guide/it_IT/site-navigation-2.html]
[wii.guide/it_IT/privacy-policy]
[wii.guide/it_IT/index.html]
[wii.guide/zh_CN/get-started-2.html]
[wii.guide/zh_CN/site-navigation-2.html]
[wii.guide/zh_CN/faq-2.html]
[wii.guide/zh_CN/riiconnect24-2.html]
[wii.guide/zh_CN/wiimmfi-2.html]
[wii.guide/zh_CN/themes.html]
[wii.guide/zh_CN/wiiflow.html]
[wii.guide/zh_CN/usbloadergx.html]
[wii.guide/zh_CN/dump-wads.html]
[wii.guide/zh_CN/hbb.html]
[wii.guide/zh_CN/bootmii.html]
[wii.guide/zh_CN/priiloader.html]
[wii.guide/zh_CN/privacy-policy]
[wii.guide/zh_CN/index.html]
[wii.guide/pl_PL/get-started-2.html]
[wii.guide/pl_PL/site-navigation-2.html]
[wii.guide/pl_PL/faq-2.html]
[wii.guide/pl_PL/riiconnect24-2.html]
[wii.guide/pl_PL/wiimmfi-2.html]
[wii.guide/pl_PL/themes.html]
[wii.guide/pl_PL/wiiflow.html]
[wii.guide/pl_PL/usbloadergx.html]
[wii.guide/pl_PL/dump-wads.html]
[wii.guide/pl_PL/hbb.html]
[wii.guide/pl_PL/bootmii.html]
[wii.guide/pl_PL/priiloader.html]
[wii.guide/pl_PL/privacy-policy]
[wii.guide/pl_PL/index.html]
[wii.guide/tr_TR/baslarken]
[wii.guide/tr_TR/site-haritasi]
[wii.guide/tr_TR/S.S.S]
[wii.guide/tr_TR/riiconnect24-2.html]
[wii.guide/tr_TR/wiimmfi-2.html]
[wii.guide/tr_TR/themes.html]
[wii.guide/tr_TR/wiiflow.html]
[wii.guide/tr_TR/usbloadergx.html]
[wii.guide/tr_TR/dump-wads.html]
[wii.guide/tr_TR/hbb.html]
[wii.guide/tr_TR/bootmii.html]
[wii.guide/tr_TR/priiloader.html]
[wii.guide/tr_TR/get-started-2.html]
[wii.guide/tr_TR/site-navigation-2.html]
[wii.guide/tr_TR/privacy-policy]
[wii.guide/tr_TR/index.html]
[wii.guide/ko_KR/get-started-2.html]
[wii.guide/ko_KR/site-navigation-2.html]
[wii.guide/ko_KR/faq-2.html]
[wii.guide/ko_KR/riiconnect24-2.html]
[wii.guide/ko_KR/wiimmfi-2.html]
[wii.guide/ko_KR/themes.html]
[wii.guide/ko_KR/wiiflow.html]
[wii.guide/ko_KR/usbloadergx.html]
[wii.guide/ko_KR/dump-wads.html]
[wii.guide/ko_KR/hbb.html]
[wii.guide/ko_KR/bootmii.html]
[wii.guide/ko_KR/priiloader.html]
[wii.guide/ko_KR/privacy-policy]
[wii.guide/ko_KR/index.html]
[wii.guide/ro_RO/get-started-2.html]
[wii.guide/ro_RO/site-navigation-2.html]
[wii.guide/ro_RO/faq-2.html]
[wii.guide/ro_RO/riiconnect24-2.html]
[wii.guide/ro_RO/wiimmfi-2.html]
[wii.guide/ro_RO/themes.html]
[wii.guide/ro_RO/wiiflow.html]
[wii.guide/ro_RO/usbloadergx.html]
[wii.guide/ro_RO/dump-wads.html]
[wii.guide/ro_RO/hbb.html]
[wii.guide/ro_RO/bootmii.html]
[wii.guide/ro_RO/priiloader.html]
[wii.guide/ro_RO/privacy-policy]
[wii.guide/ro_RO/index.html]
[wii.guide/themes-2.html]
[wii.guide/es_ES/themes-2.html]
[wii.guide/de_DE/themes-2.html]
[wii.guide/fr_FR/themes-2.html]
[wii.guide/it_IT/themes-2.html]
[wii.guide/zh_CN/themes-2.html]
[wii.guide/pl_PL/themes-2.html]
[wii.guide/tr_TR/themes-2.html]
[wii.guide/ko_KR/themes-2.html]
[wii.guide/ro_RO/themes-2.html]
[wii.guide/assets/files/New_ThemeMii_MOD.zip]
[wii.guide/themes.html]
[wii.guide/wiiflow-2.html]
[wii.guide/es_ES/wiiflow-2.html]
[wii.guide/de_DE/wiiflow-2.html]
[wii.guide/fr_FR/wiiflow-2.html]
[wii.guide/it_IT/wiiflow-2.html]
[wii.guide/zh_CN/wiiflow-2.html]
[wii.guide/pl_PL/wiiflow-2.html]
[wii.guide/tr_TR/wiiflow-2.html]
[wii.guide/ko_KR/wiiflow-2.html]
[wii.guide/ro_RO/wiiflow-2.html]
[wii.guide/images/wiiflowlogo.png]
[wii.guide/images/WFmenu.png]
[wii.guide/wiiflow.html]
[wii.guide/usbloadergx-2.html]
[wii.guide/es_ES/usbloadergx-2.html]
[wii.guide/de_DE/usbloadergx-2.html]
[wii.guide/fr_FR/usbloadergx-2.html]
[wii.guide/it_IT/usbloadergx-2.html]
[wii.guide/zh_CN/usbloadergx-2.html]
[wii.guide/pl_PL/usbloadergx-2.html]
[wii.guide/tr_TR/usbloadergx-2.html]
[wii.guide/ko_KR/usbloadergx-2.html]
[wii.guide/ro_RO/usbloadergx-2.html]
[wii.guide/images/usbloadergx.png]
[wii.guide/usbloadergx.html]
[wii.guide/dump-games-2.html]
[wii.guide/es_ES/dump-games.html]
[wii.guide/de_DE/dump-games.html]
[wii.guide/fr_FR/dump-games.html]
[wii.guide/it_IT/dump-games.html]
[wii.guide/zh_CN/dump-games.html]
[wii.guide/pl_PL/dump-games.html]
[wii.guide/tr_TR/dump-games.html]
[wii.guide/ko_KR/dump-games.html]
[wii.guide/ro_RO/dump-games.html]
[wii.guide/images/CleanRip/2.png]
[wii.guide/images/CleanRip/3.png]
[wii.guide/images/CleanRip/4.png]
[wii.guide/images/CleanRip/5.png]
[wii.guide/images/CleanRip/6.png]
[wii.guide/images/CleanRip/7.png]
[wii.guide/assets/files/DVDDumpTool.zip]
[wii.guide/images/DumpDiscs_LAN/2.png]
[wii.guide/images/DumpDiscs_LAN/3.png]
[wii.guide/images/DumpDiscs_LAN/insertthedisc.jpg]
[wii.guide/images/DumpDiscs_LAN/4.png]
[wii.guide/images/DumpDiscs_LAN/5.png]
[wii.guide/images/DumpDiscs_LAN/6.png]
[wii.guide/images/DumpDiscs_LAN/7.jpg]
[wii.guide/images/DumpDiscs_LAN/8.png]
[wii.guide/dump-games.html]
[wii.guide/dump-wads-2.html]
[wii.guide/es_ES/dump-wads-2.html]
[wii.guide/de_DE/dump-wads-2.html]
[wii.guide/fr_FR/dump-wads-2.html]
[wii.guide/it_IT/dump-wads-2.html]
[wii.guide/zh_CN/dump-wads-2.html]
[wii.guide/pl_PL/dump-wads-2.html]
[wii.guide/tr_TR/dump-wads-2.html]
[wii.guide/ko_KR/dump-wads-2.html]
[wii.guide/ro_RO/dump-wads-2.html]
[wii.guide/images/DumpWADS/2.png]
[wii.guide/images/DumpWADS/3.png]
[wii.guide/images/DumpWADS/4.png]
[wii.guide/images/DumpWADS/5.png]
[wii.guide/dump-wads.html]
[wii.guide/hbb-2.html]
[wii.guide/es_ES/hbb-2.html]
[wii.guide/de_DE/hbb-2.html]
[wii.guide/fr_FR/hbb-2.html]
[wii.guide/it_IT/hbb-2.html]
[wii.guide/zh_CN/hbb-2.html]
[wii.guide/pl_PL/hbb-2.html]
[wii.guide/tr_TR/hbb-2.html]
[wii.guide/ko_KR/hbb-2.html]
[wii.guide/ro_RO/hbb-2.html]
[wii.guide/assets/files/homebrew_browser_v0.3.9e.zip]
[wii.guide/hbb.html]
[wii.guide/bootmii-2.html]
[wii.guide/es_ES/bootmii-2.html]
[wii.guide/de_DE/bootmii-2.html]
[wii.guide/fr_FR/bootmii-2.html]
[wii.guide/it_IT/bootmii-2.html]
[wii.guide/zh_CN/bootmii-2.html]
[wii.guide/pl_PL/bootmii-2.html]
[wii.guide/tr_TR/bootmii-2.html]
[wii.guide/ko_KR/bootmii-2.html]
[wii.guide/ro_RO/bootmii-2.html]
[wii.guide/images/bootmii.png]
[wii.guide/bootmii.html]
[wii.guide/priiloader-2.html]
[wii.guide/es_ES/priiloader-2.html]
[wii.guide/de_DE/priiloader-2.html]
[wii.guide/fr_FR/priiloader-2.html]
[wii.guide/it_IT/priiloader-2.html]
[wii.guide/zh_CN/priiloader-2.html]
[wii.guide/pl_PL/priiloader-2.html]
[wii.guide/tr_TR/priiloader-2.html]
[wii.guide/ko_KR/priiloader-2.html]
[wii.guide/ro_RO/priiloader-2.html]
[wii.guide/images/priiloader.jpg]
[wii.guide/images/Priiloader/installer.png]
[wii.guide/images/Priiloader/installing.png]
[wii.guide/images/Priiloader/on.jpg]
[wii.guide/images/Priiloader/reset.jpg]
[wii.guide/images/Priiloader/mainmenu.png]
[wii.guide/images/Priiloader/hacks.png]
[wii.guide/priiloader.html]
[wii.guide/privacy-policy.html]
[wii.guide/assets/fonts/fontawesome-webfont3e6e.svg]
[wii.guide/get-started-2.html]
[wii.guide/es_ES/donations.html]
[wii.guide/es_ES/credits]
[wii.guide/es_ES/update.html]
[wii.guide/es_ES/str2hax.html]
[wii.guide/es_ES/letterbomb.html]
[wii.guide/es_ES/flashhax.html]
[wii.guide/es_ES/get-started.html]
[wii.guide/es_ES/bluebomb.html]
[wii.guide/de_DE/donations.html]
[wii.guide/de_DE/credits]
[wii.guide/de_DE/update.html]
[wii.guide/de_DE/str2hax.html]
[wii.guide/de_DE/letterbomb.html]
[wii.guide/de_DE/flashhax.html]
[wii.guide/de_DE/get-started.html]
[wii.guide/de_DE/bluebomb.html]
[wii.guide/fr_FR/donations.html]
[wii.guide/fr_FR/credits.html]
[wii.guide/fr_FR/update.html]
[wii.guide/fr_FR/str2hax.html]
[wii.guide/fr_FR/letterbomb.html]
[wii.guide/fr_FR/flashhax.html]
[wii.guide/fr_FR/get-started.html]
[wii.guide/fr_FR/bluebomb.html]
[wii.guide/it_IT/donazioni]
[wii.guide/it_IT/riconoscimenti]
[wii.guide/it_IT/riiConnect24]
[wii.guide/it_IT/update.html]
[wii.guide/it_IT/str2hax.html]
[wii.guide/it_IT/letterbomb.html]
[wii.guide/it_IT/flashhax.html]
[wii.guide/it_IT/get-started.html]
[wii.guide/it_IT/bluebomb.html]
[wii.guide/zh_CN/donations.html]
[wii.guide/zh_CN/credits]
[wii.guide/zh_CN/update.html]
[wii.guide/zh_CN/str2hax.html]
[wii.guide/zh_CN/letterbomb.html]
[wii.guide/zh_CN/flashhax.html]
[wii.guide/zh_CN/get-started.html]
[wii.guide/zh_CN/bluebomb.html]
[wii.guide/pl_PL/donations.html]
[wii.guide/pl_PL/credits.html]
[wii.guide/pl_PL/update.html]
[wii.guide/pl_PL/str2hax.html]
[wii.guide/pl_PL/letterbomb.html]
[wii.guide/pl_PL/flashhax.html]
[wii.guide/pl_PL/get-started.html]
[wii.guide/pl_PL/bluebomb.html]
[wii.guide/tr_TR/bağışlar]
[wii.guide/tr_TR/credits]
[wii.guide/tr_TR/update.html]
[wii.guide/tr_TR/str2hax.html]
[wii.guide/tr_TR/letterbomb.html]
[wii.guide/tr_TR/flashhax.html]
[wii.guide/tr_TR/get-started.html]
[wii.guide/tr_TR/bluebomb.html]
[wii.guide/ko_KR/donations.html]
[wii.guide/ko_KR/credits]
[wii.guide/ko_KR/update.html]
[wii.guide/ko_KR/str2hax.html]
[wii.guide/ko_KR/letterbomb.html]
[wii.guide/ko_KR/flashhax.html]
[wii.guide/ko_KR/get-started.html]
[wii.guide/ko_KR/bluebomb.html]
[wii.guide/ro_RO/donations.html]
[wii.guide/ro_RO/credits]
[wii.guide/ro_RO/update.html]
[wii.guide/ro_RO/str2hax.html]
[wii.guide/ro_RO/letterbomb.html]
[wii.guide/ro_RO/flashhax.html]
[wii.guide/ro_RO/get-started.html]
[wii.guide/ro_RO/bluebomb.html]
[wii.guide/donations-2.html]
[wii.guide/es_ES/donations-2.html]
[wii.guide/de_DE/donations-2.html]
[wii.guide/fr_FR/donations-2.html]
[wii.guide/it_IT/donations.html]
[wii.guide/zh_CN/donations-2.html]
[wii.guide/pl_PL/donations-2.html]
[wii.guide/tr_TR/donations.html]
[wii.guide/ko_KR/donations-2.html]
[wii.guide/ro_RO/donations-2.html]
[wii.guide/images/paypal_white.png]
[wii.guide/images/patreon_white.png]
[wii.guide/donations.html]
[wii.guide/credits.html]
[wii.guide/cdn-cgi/l/email-protection.html]
[wii.guide/update-2.html]
[wii.guide/es_ES/update-2.html]
[wii.guide/de_DE/update-2.html]
[wii.guide/fr_FR/update-2.html]
[wii.guide/it_IT/update-2.html]
[wii.guide/zh_CN/update-2.html]
[wii.guide/pl_PL/update-2.html]
[wii.guide/tr_TR/update-2.html]
[wii.guide/ko_KR/update-2.html]
[wii.guide/update.html]
[wii.guide/ro_RO/update-2.html]
[wii.guide/str2hax-2.html]
[wii.guide/es_ES/str2hax-2.html]
[wii.guide/de_DE/str2hax-2.html]
[wii.guide/fr_FR/str2hax-2.html]
[wii.guide/it_IT/str2hax-2.html]
[wii.guide/zh_CN/str2hax-2.html]
[wii.guide/pl_PL/str2hax-2.html]
[wii.guide/tr_TR/str2hax-2.html]
[wii.guide/ko_KR/str2hax-2.html]
[wii.guide/ro_RO/str2hax-2.html]
[wii.guide/images/RiiConnect24/Internet_1.png]
[wii.guide/images/RiiConnect24/Internet_2.png]
[wii.guide/images/RiiConnect24/Internet_3.png]
[wii.guide/images/RiiConnect24/Internet_4.png]
[wii.guide/images/RiiConnect24/Internet_5.png]
[wii.guide/images/RiiConnect24/Internet_6.png]
[wii.guide/images/RiiConnect24/Internet_7.png]
[wii.guide/images/RiiConnect24/Internet_10.png]
[wii.guide/images/RiiConnect24/Internet_11.png]
[wii.guide/images/RiiConnect24/Internet_12.png]
[wii.guide/str2hax.html]
[wii.guide/letterbomb-2.html]
[wii.guide/es_ES/letterbomb-2.html]
[wii.guide/de_DE/letterbomb-2.html]
[wii.guide/fr_FR/letterbomb-2.html]
[wii.guide/it_IT/letterbomb-2.html]
[wii.guide/zh_CN/letterbomb-2.html]
[wii.guide/pl_PL/letterbomb-2.html]
[wii.guide/tr_TR/letterbomb-2.html]
[wii.guide/ko_KR/letterbomb-2.html]
[wii.guide/ro_RO/letterbomb-2.html]
[wii.guide/images/letterbomb.png]
[wii.guide/images/Wii/LetterBomb-PC.png]
[wii.guide/images/Wii/LetterBomb-Wii.png]
[wii.guide/letterbomb.html]
[wii.guide/flashhax-2.html]
[wii.guide/es_ES/flashhax-2.html]
[wii.guide/de_DE/flashhax-2.html]
[wii.guide/fr_FR/flashhax-2.html]
[wii.guide/it_IT/flashhax-2.html]
[wii.guide/zh_CN/flashhax-2.html]
[wii.guide/pl_PL/flashhax-2.html]
[wii.guide/tr_TR/flashhax-2.html]
[wii.guide/ko_KR/flashhax-2.html]
[wii.guide/flashhax.html]
[wii.guide/ro_RO/flashhax-2.html]
[wii.guide/bluebomb-2.html]
[wii.guide/es_ES/bluebomb-2.html]
[wii.guide/de_DE/bluebomb-2.html]
[wii.guide/fr_FR/bluebomb-2.html]
[wii.guide/it_IT/bluebomb-2.html]
[wii.guide/zh_CN/bluebomb-2.html]
[wii.guide/pl_PL/bluebomb-2.html]
[wii.guide/tr_TR/bluebomb-2.html]
[wii.guide/ko_KR/bluebomb-2.html]
[wii.guide/ro_RO/bluebomb-2.html]
[wii.guide/images/bluebomb.png]
[wii.guide/images/Wii/SystemMenuVersion.png]
[wii.guide/bluebomb.html]
[wii.guide/site-navigation-2.html]
[wii.guide/es_ES/cios.html]
[wii.guide/es_ES/kirby-tv.html]
[wii.guide/es_ES/wiilink.html]
[wii.guide/es_ES/riiconnect24-vwii.html]
[wii.guide/es_ES/riiconnect24-dolphin.html]
[wii.guide/es_ES/riiconnect24-dns-update.html]
[wii.guide/es_ES/wiiwarepatcher.html]
[wii.guide/es_ES/deleting-vffs.html]
[wii.guide/es_ES/riiconnect24-batteryfix.html]
[wii.guide/es_ES/news000006.html]
[wii.guide/es_ES/dosanddonts.html]
[wii.guide/es_ES/hbc.html]
[wii.guide/es_ES/wiimodlite.html]
[wii.guide/es_ES/wiigsc.html]
[wii.guide/es_ES/dump-games-2.html]
[wii.guide/es_ES/rssmii.html]
[wii.guide/es_ES/themes-vwii.html]
[wii.guide/es_ES/syscheck.html]
[wii.guide/es_ES/rssmii-remove.html]
[wii.guide/es_ES/riitag.html]
[wii.guide/es_ES/wiibackupmanager.html]
[wii.guide/es_ES/hbc-mini.html]
[wii.guide/es_ES/site-navigation.html]
[wii.guide/es_ES/cios-mini.html]
[wii.guide/de_DE/cios.html]
[wii.guide/de_DE/kirby-tv.html]
[wii.guide/de_DE/wiilink.html]
[wii.guide/de_DE/riiconnect24-vwii.html]
[wii.guide/de_DE/riiconnect24-dolphin.html]
[wii.guide/de_DE/riiconnect24-dns-update.html]
[wii.guide/de_DE/wiiwarepatcher.html]
[wii.guide/de_DE/deleting-vffs.html]
[wii.guide/de_DE/riiconnect24-batteryfix.html]
[wii.guide/de_DE/news000006.html]
[wii.guide/de_DE/dosanddonts.html]
[wii.guide/de_DE/hbc.html]
[wii.guide/de_DE/wiimodlite.html]
[wii.guide/de_DE/wiigsc.html]
[wii.guide/de_DE/dump-games-2.html]
[wii.guide/de_DE/rssmii.html]
[wii.guide/de_DE/themes-vwii.html]
[wii.guide/de_DE/syscheck.html]
[wii.guide/de_DE/rssmii-remove.html]
[wii.guide/de_DE/riitag.html]
[wii.guide/de_DE/wiibackupmanager.html]
[wii.guide/de_DE/hbc-mini.html]
[wii.guide/de_DE/site-navigation.html]
[wii.guide/de_DE/cios-mini.html]
[wii.guide/fr_FR/cios.html]
[wii.guide/fr_FR/kirby-tv.html]
[wii.guide/fr_FR/wiilink.html]
[wii.guide/fr_FR/riiconnect24-vwii.html]
[wii.guide/fr_FR/riiconnect24-dolphin.html]
[wii.guide/fr_FR/riiconnect24-dns-update.html]
[wii.guide/fr_FR/wiiwarepatcher.html]
[wii.guide/fr_FR/deleting-vffs.html]
[wii.guide/fr_FR/riiconnect24-batteryfix.html]
[wii.guide/fr_FR/news000006.html]
[wii.guide/fr_FR/dosanddonts.html]
[wii.guide/fr_FR/hbc.html]
[wii.guide/fr_FR/wiimodlite.html]
[wii.guide/fr_FR/wiigsc.html]
[wii.guide/fr_FR/dump-games-2.html]
[wii.guide/fr_FR/rssmii.html]
[wii.guide/fr_FR/themes-vwii.html]
[wii.guide/fr_FR/syscheck.html]
[wii.guide/fr_FR/rssmii-remove.html]
[wii.guide/fr_FR/riitag.html]
[wii.guide/fr_FR/wiibackupmanager.html]
[wii.guide/fr_FR/hbc-mini.html]
[wii.guide/fr_FR/site-navigation.html]
[wii.guide/fr_FR/cios-mini.html]
[wii.guide/it_IT/cios.html]
[wii.guide/it_IT/kirby-tv.html]
[wii.guide/it_IT/wiilink.html]
[wii.guide/it_IT/riiconnect24-vwii.html]
[wii.guide/it_IT/riiconnect24-dolphin.html]
[wii.guide/it_IT/riiconnect24-dns-update.html]
[wii.guide/it_IT/wiiwarepatcher.html]
[wii.guide/it_IT/deleting-vffs.html]
[wii.guide/it_IT/riiconnect24-batteryfix.html]
[wii.guide/it_IT/news000006.html]
[wii.guide/it_IT/dosanddonts.html]
[wii.guide/it_IT/hbc.html]
[wii.guide/it_IT/wiimodlite.html]
[wii.guide/it_IT/wiigsc.html]
[wii.guide/it_IT/dump-games-2.html]
[wii.guide/it_IT/rssmii.html]
[wii.guide/it_IT/themes-vwii.html]
[wii.guide/it_IT/syscheck.html]
[wii.guide/it_IT/rssmii-remove.html]
[wii.guide/it_IT/riitag.html]
[wii.guide/it_IT/wiibackupmanager.html]
[wii.guide/it_IT/hbc-mini.html]
[wii.guide/it_IT/cios-mini.html]
[wii.guide/it_IT/site-navigation.html]
[wii.guide/it_IT/donations-2.html]
[wii.guide/zh_CN/cios.html]
[wii.guide/zh_CN/kirby-tv.html]
[wii.guide/zh_CN/wiilink.html]
[wii.guide/zh_CN/riiconnect24-vwii.html]
[wii.guide/zh_CN/riiconnect24-dolphin.html]
[wii.guide/zh_CN/riiconnect24-dns-update.html]
[wii.guide/zh_CN/wiiwarepatcher.html]
[wii.guide/zh_CN/deleting-vffs.html]
[wii.guide/zh_CN/riiconnect24-batteryfix.html]
[wii.guide/zh_CN/news000006.html]
[wii.guide/zh_CN/dosanddonts.html]
[wii.guide/zh_CN/hbc.html]
[wii.guide/zh_CN/wiimodlite.html]
[wii.guide/zh_CN/wiigsc.html]
[wii.guide/zh_CN/dump-games-2.html]
[wii.guide/zh_CN/rssmii.html]
[wii.guide/zh_CN/themes-vwii.html]
[wii.guide/zh_CN/syscheck.html]
[wii.guide/zh_CN/rssmii-remove.html]
[wii.guide/zh_CN/riitag.html]
[wii.guide/zh_CN/wiibackupmanager.html]
[wii.guide/zh_CN/hbc-mini.html]
[wii.guide/zh_CN/site-navigation.html]
[wii.guide/zh_CN/cios-mini.html]
[wii.guide/pl_PL/cios.html]
[wii.guide/pl_PL/kirby-tv.html]
[wii.guide/pl_PL/wiilink.html]
[wii.guide/pl_PL/riiconnect24-vwii.html]
[wii.guide/pl_PL/riiconnect24-dolphin.html]
[wii.guide/pl_PL/riiconnect24-dns-update.html]
[wii.guide/pl_PL/wiiwarepatcher.html]
[wii.guide/pl_PL/deleting-vffs.html]
[wii.guide/pl_PL/riiconnect24-batteryfix.html]
[wii.guide/pl_PL/news000006.html]
[wii.guide/pl_PL/dosanddonts.html]
[wii.guide/pl_PL/hbc.html]
[wii.guide/pl_PL/wiimodlite.html]
[wii.guide/pl_PL/wiigsc.html]
[wii.guide/pl_PL/dump-games-2.html]
[wii.guide/pl_PL/rssmii.html]
[wii.guide/pl_PL/themes-vwii.html]
[wii.guide/pl_PL/syscheck.html]
[wii.guide/pl_PL/rssmii-remove.html]
[wii.guide/pl_PL/riitag.html]
[wii.guide/pl_PL/wiibackupmanager.html]
[wii.guide/pl_PL/hbc-mini.html]
[wii.guide/pl_PL/site-navigation.html]
[wii.guide/pl_PL/cios-mini.html]
[wii.guide/tr_TR/cios.html]
[wii.guide/tr_TR/kirby-tv.html]
[wii.guide/tr_TR/wiilink.html]
[wii.guide/tr_TR/riiconnect24-vwii.html]
[wii.guide/tr_TR/riiconnect24-dolphin.html]
[wii.guide/tr_TR/riiconnect24-dns-update.html]
[wii.guide/tr_TR/wiiwarepatcher.html]
[wii.guide/tr_TR/deleting-vffs.html]
[wii.guide/tr_TR/riiconnect24-batteryfix.html]
[wii.guide/tr_TR/news000006.html]
[wii.guide/tr_TR/dosanddonts.html]
[wii.guide/tr_TR/hbc.html]
[wii.guide/tr_TR/wiimodlite.html]
[wii.guide/tr_TR/wiigsc.html]
[wii.guide/tr_TR/dump-games-2.html]
[wii.guide/tr_TR/rssmii.html]
[wii.guide/tr_TR/themes-vwii.html]
[wii.guide/tr_TR/syscheck.html]
[wii.guide/tr_TR/rssmii-remove.html]
[wii.guide/tr_TR/riitag.html]
[wii.guide/tr_TR/wiibackupmanager.html]
[wii.guide/tr_TR/hbc-mini.html]
[wii.guide/tr_TR/cios-mini.html]
[wii.guide/tr_TR/site-navigation.html]
[wii.guide/tr_TR/donations-2.html]
[wii.guide/ko_KR/cios.html]
[wii.guide/ko_KR/kirby-tv.html]
[wii.guide/ko_KR/wiilink.html]
[wii.guide/ko_KR/riiconnect24-vwii.html]
[wii.guide/ko_KR/riiconnect24-dolphin.html]
[wii.guide/ko_KR/riiconnect24-dns-update.html]
[wii.guide/ko_KR/wiiwarepatcher.html]
[wii.guide/ko_KR/deleting-vffs.html]
[wii.guide/ko_KR/riiconnect24-batteryfix.html]
[wii.guide/ko_KR/news000006.html]
[wii.guide/ko_KR/dosanddonts.html]
[wii.guide/ko_KR/hbc.html]
[wii.guide/ko_KR/wiimodlite.html]
[wii.guide/ko_KR/wiigsc.html]
[wii.guide/ko_KR/dump-games-2.html]
[wii.guide/ko_KR/rssmii.html]
[wii.guide/ko_KR/themes-vwii.html]
[wii.guide/ko_KR/syscheck.html]
[wii.guide/ko_KR/rssmii-remove.html]
[wii.guide/ko_KR/riitag.html]
[wii.guide/ko_KR/wiibackupmanager.html]
[wii.guide/ko_KR/hbc-mini.html]
[wii.guide/ko_KR/site-navigation.html]
[wii.guide/ko_KR/cios-mini.html]
[wii.guide/ro_RO/cios.html]
[wii.guide/ro_RO/kirby-tv.html]
[wii.guide/ro_RO/wiilink.html]
[wii.guide/ro_RO/riiconnect24-vwii.html]
[wii.guide/ro_RO/riiconnect24-dolphin.html]
[wii.guide/ro_RO/riiconnect24-dns-update.html]
[wii.guide/ro_RO/wiiwarepatcher.html]
[wii.guide/ro_RO/deleting-vffs.html]
[wii.guide/ro_RO/riiconnect24-batteryfix.html]
[wii.guide/ro_RO/news000006.html]
[wii.guide/ro_RO/dosanddonts.html]
[wii.guide/ro_RO/hbc.html]
[wii.guide/ro_RO/wiimodlite.html]
[wii.guide/ro_RO/wiigsc.html]
[wii.guide/ro_RO/dump-games-2.html]
[wii.guide/ro_RO/rssmii.html]
[wii.guide/ro_RO/themes-vwii.html]
[wii.guide/ro_RO/syscheck.html]
[wii.guide/ro_RO/rssmii-remove.html]
[wii.guide/ro_RO/riitag.html]
[wii.guide/ro_RO/wiibackupmanager.html]
[wii.guide/ro_RO/hbc-mini.html]
[wii.guide/ro_RO/site-navigation.html]
[wii.guide/ro_RO/cios-mini.html]
[wii.guide/cios-2.html]
[wii.guide/es_ES/cios-2.html]
[wii.guide/de_DE/cios-2.html]
[wii.guide/fr_FR/cios-2.html]
[wii.guide/it_IT/cios-2.html]
[wii.guide/zh_CN/cios-2.html]
[wii.guide/pl_PL/cios-2.html]
[wii.guide/tr_TR/cios-2.html]
[wii.guide/ko_KR/cios-2.html]
[wii.guide/ro_RO/cios-2.html]
[wii.guide/images/cios/cIOS.png]
[wii.guide/images/cios/Install249.png]
[wii.guide/images/cios/Install250.png]
[wii.guide/images/cios/Install251.png]
[wii.guide/cios.html]
[wii.guide/kirby-tv-2.html]
[wii.guide/es_ES/kirby-tv-2.html]
[wii.guide/de_DE/kirby-tv-2.html]
[wii.guide/fr_FR/kirby-tv-2.html]
[wii.guide/it_IT/kirby-tv-2.html]
[wii.guide/zh_CN/kirby-tv-2.html]
[wii.guide/pl_PL/kirby-tv-2.html]
[wii.guide/tr_TR/kirby-tv-2.html]
[wii.guide/ko_KR/kirby-tv-2.html]
[wii.guide/kirby-tv.html]
[wii.guide/ro_RO/kirby-tv-2.html]
[wii.guide/wiilink-2.html]
[wii.guide/es_ES/wiilink-2.html]
[wii.guide/de_DE/wiilink-2.html]
[wii.guide/fr_FR/wiilink-2.html]
[wii.guide/it_IT/wiilink-2.html]
[wii.guide/zh_CN/wiilink-2.html]
[wii.guide/pl_PL/wiilink-2.html]
[wii.guide/tr_TR/wiilink-2.html]
[wii.guide/ko_KR/wiilink-2.html]
[wii.guide/wiilink.html]
[wii.guide/ro_RO/wiilink-2.html]
[wii.guide/riiconnect24-vwii-2.html]
[wii.guide/es_ES/riiconnect24-vwii-2.html]
[wii.guide/de_DE/riiconnect24-vwii-2.html]
[wii.guide/fr_FR/riiconnect24-vwii-2.html]
[wii.guide/it_IT/riiconnect24-vwii-2.html]
[wii.guide/zh_CN/riiconnect24-vwii-2.html]
[wii.guide/pl_PL/riiconnect24-vwii-2.html]
[wii.guide/tr_TR/riiconnect24-vwii-2.html]
[wii.guide/ko_KR/riiconnect24-vwii-2.html]
[wii.guide/ro_RO/riiconnect24-vwii-2.html]
[wii.guide/riiconnect24-wii]
[wii.guide/riiconnect24-vwii.html]
[wii.guide/riiconnect24-dolphin-2.html]
[wii.guide/es_ES/riiconnect24-dolphin-2.html]
[wii.guide/de_DE/riiconnect24-dolphin-2.html]
[wii.guide/fr_FR/riiconnect24-dolphin-2.html]
[wii.guide/it_IT/riiconnect24-dolphin-2.html]
[wii.guide/zh_CN/riiconnect24-dolphin-2.html]
[wii.guide/pl_PL/riiconnect24-dolphin-2.html]
[wii.guide/tr_TR/riiconnect24-dolphin-2.html]
[wii.guide/ko_KR/riiconnect24-dolphin-2.html]
[wii.guide/ro_RO/riiconnect24-dolphin-2.html]
[wii.guide/images/Dolphin_RC24/1.jpg]
[wii.guide/riiconnect24-dolphin.html]
[wii.guide/riiconnect24-dns-update-2.html]
[wii.guide/es_ES/riiconnect24-dns-update-2.html]
[wii.guide/de_DE/riiconnect24-dns-update-2.html]
[wii.guide/fr_FR/riiconnect24-dns-update-2.html]
[wii.guide/it_IT/riiconnect24-dns-update-2.html]
[wii.guide/zh_CN/riiconnect24-dns-update-2.html]
[wii.guide/pl_PL/riiconnect24-dns-update-2.html]
[wii.guide/tr_TR/riiconnect24-dns-update-2.html]
[wii.guide/ko_KR/riiconnect24-dns-update-2.html]
[wii.guide/ro_RO/riiconnect24-dns-update-2.html]
[wii.guide/images/logo_blue_warning.png]
[wii.guide/images/eula_change_dns_notification.png]
[wii.guide/images/forecast_change_dns_notification.png]
[wii.guide/images/news_channel_change_dns_notification.png]
[wii.guide/riiconnect24-dns-update.html]
[wii.guide/wiilink-demae-dominos-2.html]
[wii.guide/es_ES/wiilink-demae-dominos.316.delayed]
[wii.guide/de_DE/wiilink-demae-dominos.html]
[wii.guide/fr_FR/wiilink-demae-dominos.html]
[wii.guide/it_IT/wiilink-demae-dominos.html]
[wii.guide/zh_CN/wiilink-demae-dominos.html]
[wii.guide/pl_PL/wiilink-demae-dominos.html]
[wii.guide/tr_TR/wiilink-demae-dominos.html]
[wii.guide/ko_KR/wiilink-demae-dominos.html]
[wii.guide/ro_RO/wiilink-demae-dominos.html]
[wii.guide/images/Demae-Dominos/get-console-id.png]
[wii.guide/images/Demae-Dominos/discord-oauth.png]
[wii.guide/images/Demae-Dominos/purchase-page.png]
[wii.guide/images/Demae-Dominos/spd-1.png]
[wii.guide/images/Demae-Dominos/spd-2.png]
[wii.guide/images/Demae-Dominos/main-menu.png]
[wii.guide/images/Demae-Dominos/country-setup.png]
[wii.guide/images/Demae-Dominos/order.png]
[wii.guide/wiilink-demae-dominos.html]
[wii.guide/wiiwarepatcher-2.html]
[wii.guide/es_ES/wiiwarepatcher-2.html]
[wii.guide/de_DE/wiiwarepatcher-2.html]
[wii.guide/fr_FR/wiiwarepatcher-2.html]
[wii.guide/it_IT/wiiwarepatcher-2.html]
[wii.guide/zh_CN/wiiwarepatcher-2.html]
[wii.guide/pl_PL/wiiwarepatcher-2.html]
[wii.guide/tr_TR/wiiwarepatcher-2.html]
[wii.guide/ko_KR/wiiwarepatcher-2.html]
[wii.guide/ro_RO/wiiwarepatcher-2.html]
[wii.guide/images/rc24_using_the_wiiware_patcher.jpg]
[wii.guide/images/WiiWare-Patcher/1.jpg]
[wii.guide/images/WiiWare-Patcher/2.jpg]
[wii.guide/images/WiiWare-Patcher/3.jpg]
[wii.guide/wiiwarepatcher.html]
[wii.guide/deleting-vffs-2.html]
[wii.guide/es_ES/deleting-vffs-2.html]
[wii.guide/de_DE/deleting-vffs-2.html]
[wii.guide/fr_FR/deleting-vffs-2.html]
[wii.guide/it_IT/deleting-vffs-2.html]
[wii.guide/zh_CN/deleting-vffs-2.html]
[wii.guide/pl_PL/deleting-vffs-2.html]
[wii.guide/tr_TR/deleting-vffs-2.html]
[wii.guide/ko_KR/deleting-vffs-2.html]
[wii.guide/deleting-vffs.html]
[wii.guide/ro_RO/deleting-vffs-2.html]
[wii.guide/riiconnect24-batteryfix-2.html]
[wii.guide/es_ES/riiconnect24-batteryfix-2.html]
[wii.guide/de_DE/riiconnect24-batteryfix-2.html]
[wii.guide/fr_FR/riiconnect24-batteryfix-2.html]
[wii.guide/it_IT/riiconnect24-batteryfix-2.html]
[wii.guide/zh_CN/riiconnect24-batteryfix-2.html]
[wii.guide/pl_PL/riiconnect24-batteryfix-2.html]
[wii.guide/tr_TR/riiconnect24-batteryfix-2.html]
[wii.guide/ko_KR/riiconnect24-batteryfix-2.html]
[wii.guide/riiconnect24-batteryfix.html]
[wii.guide/news000006.html]
[wii.guide/ro_RO/riiconnect24-batteryfix-2.html]
[wii.guide/dosanddonts-2.html]
[wii.guide/es_ES/dosanddonts-2.html]
[wii.guide/de_DE/dosanddonts-2.html]
[wii.guide/fr_FR/dosanddonts-2.html]
[wii.guide/it_IT/dosanddonts-2.html]
[wii.guide/zh_CN/dosanddonts-2.html]
[wii.guide/pl_PL/dosanddonts-2.html]
[wii.guide/tr_TR/dosanddonts-2.html]
[wii.guide/ko_KR/dosanddonts-2.html]
[wii.guide/dosanddonts.html]
[wii.guide/ro_RO/dosanddonts-2.html]
[wii.guide/hbc-2.html]
[wii.guide/es_ES/hbc-2.html]
[wii.guide/de_DE/hbc-2.html]
[wii.guide/fr_FR/hbc-2.html]
[wii.guide/it_IT/hbc-2.html]
[wii.guide/zh_CN/hbc-2.html]
[wii.guide/pl_PL/hbc-2.html]
[wii.guide/tr_TR/hbc-2.html]
[wii.guide/ko_KR/hbc-2.html]
[wii.guide/ro_RO/hbc-2.html]
[wii.guide/images/hbc.png]
[wii.guide/images/Wii/ScamScreen.png]
[wii.guide/images/Wii/Results.png]
[wii.guide/images/Wii/InstallHomebrewChannel.png]
[wii.guide/images/Wii/SuccessHBC.png]
[wii.guide/images/Wii/InstallBootMii.png]
[wii.guide/images/Wii/FolderStructure.png]
[wii.guide/hbc.html]
[wii.guide/wiimodlite-2.html]
[wii.guide/es_ES/wiimodlite-2.html]
[wii.guide/de_DE/wiimodlite-2.html]
[wii.guide/fr_FR/wiimodlite-2.html]
[wii.guide/it_IT/wiimodlite-2.html]
[wii.guide/zh_CN/wiimodlite-2.html]
[wii.guide/pl_PL/wiimodlite-2.html]
[wii.guide/tr_TR/wiimodlite-2.html]
[wii.guide/ko_KR/wiimodlite-2.html]
[wii.guide/ro_RO/wiimodlite-2.html]
[wii.guide/images/WiiModLite/1.gif]
[wii.guide/images/WiiModLite/2.png]
[wii.guide/images/WiiModLite/3.png]
[wii.guide/images/WiiModLite/4.gif]
[wii.guide/images/WiiModLite/5.png]
[wii.guide/images/WiiModLite/6.png]
[wii.guide/images/WiiModLite/7.png]
[wii.guide/wiimodlite.html]
[wii.guide/wiigsc-2.html]
[wii.guide/es_ES/wiigsc-2.html]
[wii.guide/de_DE/wiigsc-2.html]
[wii.guide/fr_FR/wiigsc-2.html]
[wii.guide/it_IT/wiigsc-2.html]
[wii.guide/zh_CN/wiigsc-2.html]
[wii.guide/pl_PL/wiigsc-2.html]
[wii.guide/tr_TR/wiigsc-2.html]
[wii.guide/ko_KR/wiigsc-2.html]
[wii.guide/wiigsc.html]
[wii.guide/ro_RO/wiigsc-2.html]
[wii.guide/rssmii-2.html]
[wii.guide/es_ES/rssmii-2.html]
[wii.guide/de_DE/rssmii-2.html]
[wii.guide/fr_FR/rssmii-2.html]
[wii.guide/it_IT/rssmii-2.html]
[wii.guide/zh_CN/rssmii-2.html]
[wii.guide/pl_PL/rssmii-2.html]
[wii.guide/tr_TR/rssmii-2.html]
[wii.guide/ko_KR/rssmii-2.html]
[wii.guide/ro_RO/rssmii-2.html]
[wii.guide/images/rssmii.png]
[wii.guide/rssmii.html]
[wii.guide/themes-vwii-2.html]
[wii.guide/es_ES/themes-vwii-2.html]
[wii.guide/de_DE/themes-vwii-2.html]
[wii.guide/fr_FR/themes-vwii-2.html]
[wii.guide/it_IT/themes-vwii-2.html]
[wii.guide/zh_CN/themes-vwii-2.html]
[wii.guide/pl_PL/themes-vwii-2.html]
[wii.guide/tr_TR/themes-vwii-2.html]
[wii.guide/ko_KR/themes-vwii-2.html]
[wii.guide/ro_RO/themes-vwii-2.html]
[wii.guide/assets/files/Mymenuify-Old-vWii.zip]
[wii.guide/assets/files/NUSDownloader-vwii.zip]
[wii.guide/images/Themes-vWii/NUSD-vWii_preview-database.png]
[wii.guide/images/Themes-vWii/NUSD-vWii_sysmenu-versions.png]
[wii.guide/images/Themes-vWii/ThemeMii-Mod-Preview_vWii.png]
[wii.guide/themes-vwii.html]
[wii.guide/syscheck-2.html]
[wii.guide/es_ES/syscheck-2.html]
[wii.guide/de_DE/syscheck-2.html]
[wii.guide/fr_FR/syscheck-2.html]
[wii.guide/it_IT/syscheck-2.html]
[wii.guide/zh_CN/syscheck-2.html]
[wii.guide/pl_PL/syscheck-2.html]
[wii.guide/tr_TR/syscheck-2.html]
[wii.guide/ko_KR/syscheck-2.html]
[wii.guide/ro_RO/syscheck-2.html]
[wii.guide/images/SysCheck/1.png]
[wii.guide/images/SysCheck/2.png]
[wii.guide/syscheck.html]
[wii.guide/rssmii-remove-2.html]
[wii.guide/es_ES/rssmii-remove-2.html]
[wii.guide/de_DE/rssmii-remove-2.html]
[wii.guide/fr_FR/rssmii-remove-2.html]
[wii.guide/it_IT/rssmii-remove-2.html]
[wii.guide/zh_CN/rssmii-remove-2.html]
[wii.guide/pl_PL/rssmii-remove-2.html]
[wii.guide/tr_TR/rssmii-remove-2.html]
[wii.guide/ko_KR/rssmii-remove-2.html]
[wii.guide/ro_RO/rssmii-remove-2.html]
[wii.guide/images/rssmii-remove.png]
[wii.guide/rssmii-remove.html]
[wii.guide/riitag-2.html]
[wii.guide/es_ES/riitag-2.html]
[wii.guide/de_DE/riitag-2.html]
[wii.guide/fr_FR/riitag-2.html]
[wii.guide/it_IT/riitag-2.html]
[wii.guide/zh_CN/riitag-2.html]
[wii.guide/pl_PL/riitag-2.html]
[wii.guide/tr_TR/riitag-2.html]
[wii.guide/ko_KR/riitag-2.html]
[wii.guide/ro_RO/riitag-2.html]
[wii.guide/riitag.html]
[wii.guide/riitag-wiiu.html]
[wii.guide/rtc-2.html]
[wii.guide/es_ES/rtc.html]
[wii.guide/de_DE/rtc.html]
[wii.guide/fr_FR/rtc.html]
[wii.guide/it_IT/rtc.html]
[wii.guide/zh_CN/rtc.html]
[wii.guide/pl_PL/rtc.html]
[wii.guide/tr_TR/rtc.html]
[wii.guide/ko_KR/rtc.html]
[wii.guide/ro_RO/rtc.html]
[wii.guide/rtc.html]
[wii.guide/wiibackupmanager-2.html]
[wii.guide/es_ES/wiibackupmanager-2.html]
[wii.guide/de_DE/wiibackupmanager-2.html]
[wii.guide/fr_FR/wiibackupmanager-2.html]
[wii.guide/it_IT/wiibackupmanager-2.html]
[wii.guide/zh_CN/wiibackupmanager-2.html]
[wii.guide/pl_PL/wiibackupmanager-2.html]
[wii.guide/tr_TR/wiibackupmanager-2.html]
[wii.guide/ko_KR/wiibackupmanager-2.html]
[wii.guide/wiibackupmanager.html]
[wii.guide/ro_RO/wiibackupmanager-2.html]
[wii.guide/hbc-mini-2.html]
[wii.guide/es_ES/hbc-mini-2.html]
[wii.guide/de_DE/hbc-mini-2.html]
[wii.guide/fr_FR/hbc-mini-2.html]
[wii.guide/it_IT/hbc-mini-2.html]
[wii.guide/zh_CN/hbc-mini-2.html]
[wii.guide/pl_PL/hbc-mini-2.html]
[wii.guide/tr_TR/hbc-mini-2.html]
[wii.guide/ko_KR/hbc-mini-2.html]
[wii.guide/hbc-mini.html]
[wii.guide/ro_RO/hbc-mini-2.html]
[wii.guide/cios-mini-2.html]
[wii.guide/es_ES/cios-mini-2.html]
[wii.guide/de_DE/cios-mini-2.html]
[wii.guide/fr_FR/cios-mini-2.html]
[wii.guide/it_IT/cios-mini-2.html]
[wii.guide/zh_CN/cios-mini-2.html]
[wii.guide/pl_PL/cios-mini-2.html]
[wii.guide/tr_TR/cios-mini-2.html]
[wii.guide/ko_KR/cios-mini-2.html]
[wii.guide/ro_RO/cios-mini-2.html]
[wii.guide/images/cIOS.png]
[wii.guide/assets/files/d2xl_wii_mini_cIOS_installer_v1_beta2.zip]
[wii.guide/assets/files/Wii_Mini_Ethernet_Enable.zip]
[wii.guide/cios-mini.html]
[wii.guide/faq-2.html]
[wii.guide/es_ES/faq.html]
[wii.guide/de_DE/faq.html]
[wii.guide/fr_FR/faq.html]
[wii.guide/it_IT/faq.html]
[wii.guide/zh_CN/faq.html]
[wii.guide/pl_PL/faq.html]
[wii.guide/tr_TR/faq.html]
[wii.guide/ko_KR/faq.html]
[wii.guide/ro_RO/faq.html]
[wii.guide/riiconnect24-2.html]
[wii.guide/es_ES/riiconnect24.html]
[wii.guide/de_DE/riiconnect24.html]
[wii.guide/fr_FR/riiconnect24.html]
[wii.guide/it_IT/riiconnect24.html]
[wii.guide/zh_CN/riiconnect24.html]
[wii.guide/pl_PL/riiconnect24.html]
[wii.guide/tr_TR/riiconnect24.html]
[wii.guide/ko_KR/riiconnect24.html]
[wii.guide/ro_RO/riiconnect24.html]
[wii.guide/wiimmfi-2.html]
[wii.guide/es_ES/wiimmfi.html]
[wii.guide/de_DE/wiimmfi.html]
[wii.guide/fr_FR/wiimmfi.html]
[wii.guide/it_IT/wiimmfi.html]
[wii.guide/zh_CN/wiimmfi.html]
[wii.guide/pl_PL/wiimmfi.html]
[wii.guide/tr_TR/wiimmfi.html]
[wii.guide/ko_KR/wiimmfi.html]
[wii.guide/ro_RO/wiimmfi.html]
[wii.guide/es_ES/get-started-2.html]
[wii.guide/es_ES/site-navigation-2.html]
[wii.guide/es_ES/faq-2.html]
[wii.guide/es_ES/riiconnect24-2.html]
[wii.guide/es_ES/wiimmfi-2.html]
[wii.guide/es_ES/themes.html]
[wii.guide/es_ES/images/WFmenu.png]
[wii.guide/es_ES/wiiflow.html]
[wii.guide/es_ES/usbloadergx.html]
[wii.guide/es_ES/dump-wads.html]
[wii.guide/es_ES/hbb.html]
[wii.guide/es_ES/bootmii.html]
[wii.guide/es_ES/priiloader.html]
[wii.guide/es_ES/privacy-policy.html]
[wii.guide/de_DE/get-started-2.html]
[wii.guide/de_DE/site-navigation-2.html]
[wii.guide/de_DE/faq-2.html]
[wii.guide/de_DE/riiconnect24-2.html]
[wii.guide/de_DE/wiimmfi-2.html]
[wii.guide/de_DE/themes.html]
[wii.guide/de_DE/images/WFmenu.png]
[wii.guide/de_DE/wiiflow.html]
[wii.guide/de_DE/usbloadergx.html]
[wii.guide/de_DE/dump-wads.html]
[wii.guide/de_DE/hbb.html]
[wii.guide/de_DE/bootmii.html]
[wii.guide/de_DE/priiloader.html]
[wii.guide/de_DE/privacy-policy.html]
[wii.guide/fr_FR/get-started-2.html]
[wii.guide/fr_FR/site-navigation-2.html]
[wii.guide/fr_FR/faq-2.html]
[wii.guide/fr_FR/riiconnect24-2.html]
[wii.guide/fr_FR/wiimmfi-2.html]
[wii.guide/fr_FR/themes.html]
[wii.guide/fr_FR/images/WFmenu.png]
[wii.guide/fr_FR/wiiflow.html]
[wii.guide/fr_FR/usbloadergx.html]
[wii.guide/fr_FR/dump-wads.html]
[wii.guide/fr_FR/hbb.html]
[wii.guide/fr_FR/bootmii.html]
[wii.guide/fr_FR/priiloader.html]
[wii.guide/fr_FR/privacy-policy.html]
[wii.guide/it_IT/iniziare.html]
[wii.guide/it_IT/navigazione del sito.html]
[wii.guide/it_IT/faq-2.html]
[wii.guide/it_IT/riiconnect24-2.html]
[wii.guide/it_IT/wiimmfi-2.html]
[wii.guide/it_IT/themes.html]
[wii.guide/it_IT/images/WFmenu.png]
[wii.guide/it_IT/wiiflow.html]
[wii.guide/it_IT/usbloadergx.html]
[wii.guide/it_IT/dump-wads.html]
[wii.guide/it_IT/hbb.html]
[wii.guide/it_IT/bootmii.html]
[wii.guide/it_IT/priiloader.html]
[wii.guide/it_IT/get-started-2.html]
[wii.guide/it_IT/site-navigation-2.html]
[wii.guide/it_IT/privacy-policy.html]
[wii.guide/zh_CN/get-started-2.html]
[wii.guide/zh_CN/site-navigation-2.html]
[wii.guide/zh_CN/faq-2.html]
[wii.guide/zh_CN/riiconnect24-2.html]
[wii.guide/zh_CN/wiimmfi-2.html]
[wii.guide/zh_CN/themes.html]
[wii.guide/zh_CN/images/WFmenu.png]
[wii.guide/zh_CN/wiiflow.html]
[wii.guide/zh_CN/usbloadergx.html]
[wii.guide/zh_CN/dump-wads.html]
[wii.guide/zh_CN/hbb.html]
[wii.guide/zh_CN/bootmii.html]
[wii.guide/zh_CN/priiloader.html]
[wii.guide/zh_CN/privacy-policy.html]
[wii.guide/pl_PL/get-started-2.html]
[wii.guide/pl_PL/site-navigation-2.html]
[wii.guide/pl_PL/faq-2.html]
[wii.guide/pl_PL/riiconnect24-2.html]
[wii.guide/pl_PL/wiimmfi-2.html]
[wii.guide/pl_PL/themes.html]
[wii.guide/pl_PL/images/WFmenu.png]
[wii.guide/pl_PL/wiiflow.html]
[wii.guide/pl_PL/usbloadergx.html]
[wii.guide/pl_PL/dump-wads.html]
[wii.guide/pl_PL/hbb.html]
[wii.guide/pl_PL/bootmii.html]
[wii.guide/pl_PL/priiloader.html]
[wii.guide/pl_PL/privacy-policy.html]
[wii.guide/tr_TR/baslarken.html]
[wii.guide/tr_TR/site-haritasi.html]
[wii.guide/tr_TR/S.S.html]
[wii.guide/tr_TR/riiconnect24-2.html]
[wii.guide/tr_TR/wiimmfi-2.html]
[wii.guide/tr_TR/themes.html]
[wii.guide/tr_TR/images/WFmenu.png]
[wii.guide/tr_TR/wiiflow.html]
[wii.guide/tr_TR/usbloadergx.html]
[wii.guide/tr_TR/dump-wads.html]
[wii.guide/tr_TR/hbb.html]
[wii.guide/tr_TR/bootmii.html]
[wii.guide/tr_TR/priiloader.html]
[wii.guide/tr_TR/get-started-2.html]
[wii.guide/tr_TR/site-navigation-2.html]
[wii.guide/tr_TR/privacy-policy.html]
[wii.guide/ko_KR/get-started-2.html]
[wii.guide/ko_KR/site-navigation-2.html]
[wii.guide/ko_KR/faq-2.html]
[wii.guide/ko_KR/riiconnect24-2.html]
[wii.guide/ko_KR/wiimmfi-2.html]
[wii.guide/ko_KR/themes.html]
[wii.guide/ko_KR/images/WFmenu.png]
[wii.guide/ko_KR/wiiflow.html]
[wii.guide/ko_KR/usbloadergx.html]
[wii.guide/ko_KR/dump-wads.html]
[wii.guide/ko_KR/hbb.html]
[wii.guide/ko_KR/bootmii.html]
[wii.guide/ko_KR/priiloader.html]
[wii.guide/ko_KR/privacy-policy.html]
[wii.guide/ro_RO/get-started-2.html]
[wii.guide/ro_RO/site-navigation-2.html]
[wii.guide/ro_RO/faq-2.html]
[wii.guide/ro_RO/riiconnect24-2.html]
[wii.guide/ro_RO/wiimmfi-2.html]
[wii.guide/ro_RO/themes.html]
[wii.guide/ro_RO/images/WFmenu.png]
[wii.guide/ro_RO/wiiflow.html]
[wii.guide/ro_RO/usbloadergx.html]
[wii.guide/ro_RO/dump-wads.html]
[wii.guide/ro_RO/hbb.html]
[wii.guide/ro_RO/bootmii.html]
[wii.guide/ro_RO/priiloader.html]
[wii.guide/ro_RO/privacy-policy.html]
[wii.guide/themes-2.html]
[wii.guide/es_ES/themes-2.html]
[wii.guide/de_DE/themes-2.html]
[wii.guide/fr_FR/themes-2.html]
[wii.guide/it_IT/themes-2.html]
[wii.guide/zh_CN/themes-2.html]
[wii.guide/pl_PL/themes-2.html]
[wii.guide/tr_TR/themes-2.html]
[wii.guide/ko_KR/themes-2.html]
[wii.guide/ro_RO/themes-2.html]
[wii.guide/wiiflow-2.html]
[wii.guide/es_ES/wiiflow-2.html]
[wii.guide/de_DE/wiiflow-2.html]
[wii.guide/fr_FR/wiiflow-2.html]
[wii.guide/it_IT/wiiflow-2.html]
[wii.guide/zh_CN/wiiflow-2.html]
[wii.guide/pl_PL/wiiflow-2.html]
[wii.guide/tr_TR/wiiflow-2.html]
[wii.guide/ko_KR/wiiflow-2.html]
[wii.guide/ro_RO/wiiflow-2.html]
[wii.guide/usbloadergx-2.html]
[wii.guide/es_ES/usbloadergx-2.html]
[wii.guide/de_DE/usbloadergx-2.html]
[wii.guide/fr_FR/usbloadergx-2.html]
[wii.guide/it_IT/usbloadergx-2.html]
[wii.guide/zh_CN/usbloadergx-2.html]
[wii.guide/pl_PL/usbloadergx-2.html]
[wii.guide/tr_TR/usbloadergx-2.html]
[wii.guide/ko_KR/usbloadergx-2.html]
[wii.guide/ro_RO/usbloadergx-2.html]
[wii.guide/dump-games-2.html]
[wii.guide/es_ES/dump-games.html]
[wii.guide/de_DE/dump-games.html]
[wii.guide/fr_FR/dump-games.html]
[wii.guide/it_IT/dump-games.html]
[wii.guide/zh_CN/dump-games.html]
[wii.guide/pl_PL/dump-games.html]
[wii.guide/tr_TR/dump-games.html]
[wii.guide/ko_KR/dump-games.html]
[wii.guide/ro_RO/dump-games.html]
[wii.guide/dump-wads-2.html]
[wii.guide/es_ES/dump-wads-2.html]
[wii.guide/de_DE/dump-wads-2.html]
[wii.guide/fr_FR/dump-wads-2.html]
[wii.guide/it_IT/dump-wads-2.html]
[wii.guide/zh_CN/dump-wads-2.html]
[wii.guide/pl_PL/dump-wads-2.html]
[wii.guide/tr_TR/dump-wads-2.html]
[wii.guide/ko_KR/dump-wads-2.html]
[wii.guide/ro_RO/dump-wads-2.html]
[wii.guide/hbb-2.html]
[wii.guide/es_ES/hbb-2.html]
[wii.guide/de_DE/hbb-2.html]
[wii.guide/fr_FR/hbb-2.html]
[wii.guide/it_IT/hbb-2.html]
[wii.guide/zh_CN/hbb-2.html]
[wii.guide/pl_PL/hbb-2.html]
[wii.guide/tr_TR/hbb-2.html]
[wii.guide/ko_KR/hbb-2.html]
[wii.guide/ro_RO/hbb-2.html]
[wii.guide/bootmii-2.html]
[wii.guide/es_ES/bootmii-2.html]
[wii.guide/de_DE/bootmii-2.html]
[wii.guide/fr_FR/bootmii-2.html]
[wii.guide/it_IT/bootmii-2.html]
[wii.guide/zh_CN/bootmii-2.html]
[wii.guide/pl_PL/bootmii-2.html]
[wii.guide/tr_TR/bootmii-2.html]
[wii.guide/ko_KR/bootmii-2.html]
[wii.guide/ro_RO/bootmii-2.html]
[wii.guide/priiloader-2.html]
[wii.guide/es_ES/priiloader-2.html]
[wii.guide/de_DE/priiloader-2.html]
[wii.guide/fr_FR/priiloader-2.html]
[wii.guide/it_IT/priiloader-2.html]
[wii.guide/zh_CN/priiloader-2.html]
[wii.guide/pl_PL/priiloader-2.html]
[wii.guide/tr_TR/priiloader-2.html]
[wii.guide/ko_KR/priiloader-2.html]
[wii.guide/ro_RO/priiloader-2.html]
[wii.guide/es_ES/donations.html]
[wii.guide/es_ES/credits.html]
[wii.guide/es_ES/update.html]
[wii.guide/es_ES/str2hax.html]
[wii.guide/es_ES/letterbomb.html]
[wii.guide/es_ES/flashhax.html]
[wii.guide/es_ES/bluebomb.html]
[wii.guide/de_DE/donations.html]
[wii.guide/de_DE/credits.html]
[wii.guide/de_DE/update.html]
[wii.guide/de_DE/str2hax.html]
[wii.guide/de_DE/letterbomb.html]
[wii.guide/de_DE/flashhax.html]
[wii.guide/de_DE/bluebomb.html]
[wii.guide/fr_FR/donations.html]
[wii.guide/fr_FR/credits-2.html]
[wii.guide/credits-2.html]
[wii.guide/es_ES/credits-2.html]
[wii.guide/de_DE/credits-2.html]
[wii.guide/it_IT/credits.html]
[wii.guide/zh_CN/credits-2.html]
[wii.guide/pl_PL/credits-2.html]
[wii.guide/tr_TR/credits-2.html]
[wii.guide/ko_KR/credits-2.html]
[wii.guide/ro_RO/credits-2.html]
[wii.guide/fr_FR/credits.html]
[wii.guide/fr_FR/update.html]
[wii.guide/fr_FR/str2hax.html]
[wii.guide/fr_FR/letterbomb.html]
[wii.guide/fr_FR/flashhax.html]
[wii.guide/fr_FR/bluebomb.html]
[wii.guide/it_IT/donazioni.html]
[wii.guide/it_IT/riconoscimenti.html]
[wii.guide/it_IT/riiConnect24-3.html]
[wii.guide/it_IT/update.html]
[wii.guide/it_IT/str2hax.html]
[wii.guide/it_IT/letterbomb.html]
[wii.guide/it_IT/flashhax.html]
[wii.guide/it_IT/bluebomb.html]
[wii.guide/zh_CN/donations.html]
[wii.guide/zh_CN/credits.html]
[wii.guide/zh_CN/update.html]
[wii.guide/zh_CN/str2hax.html]
[wii.guide/zh_CN/letterbomb.html]
[wii.guide/zh_CN/flashhax.html]
[wii.guide/zh_CN/bluebomb.html]
[wii.guide/pl_PL/donations.html]
[wii.guide/pl_PL/credits.html]
[wii.guide/pl_PL/update.html]
[wii.guide/pl_PL/str2hax.html]
[wii.guide/pl_PL/letterbomb.html]
[wii.guide/pl_PL/flashhax.html]
[wii.guide/pl_PL/bluebomb.html]
[wii.guide/tr_TR/bağışlar.html]
[wii.guide/tr_TR/credits.html]
[wii.guide/tr_TR/update.html]
[wii.guide/tr_TR/str2hax.html]
[wii.guide/tr_TR/letterbomb.html]
[wii.guide/tr_TR/flashhax.html]
[wii.guide/tr_TR/bluebomb.html]
[wii.guide/ko_KR/donations.html]
[wii.guide/ko_KR/credits.html]
[wii.guide/ko_KR/update.html]
[wii.guide/ko_KR/str2hax.html]
[wii.guide/ko_KR/letterbomb.html]
[wii.guide/ko_KR/flashhax.html]
[wii.guide/ko_KR/bluebomb.html]
[wii.guide/ro_RO/donations.html]
[wii.guide/ro_RO/credits.html]
[wii.guide/ro_RO/update.html]
[wii.guide/ro_RO/str2hax.html]
[wii.guide/ro_RO/letterbomb.html]
[wii.guide/ro_RO/flashhax.html]
[wii.guide/ro_RO/bluebomb.html]
[wii.guide/donations-2.html]
[wii.guide/es_ES/donations-2.html]
[wii.guide/de_DE/donations-2.html]
[wii.guide/fr_FR/donations-2.html]
[wii.guide/it_IT/donations.html]
[wii.guide/zh_CN/donations-2.html]
[wii.guide/pl_PL/donations-2.html]
[wii.guide/tr_TR/donations.html]
[wii.guide/ko_KR/donations-2.html]
[wii.guide/ro_RO/donations-2.html]
[wii.guide/update-2.html]
[wii.guide/es_ES/update-2.html]
[wii.guide/de_DE/update-2.html]
[wii.guide/fr_FR/update-2.html]
[wii.guide/it_IT/update-2.html]
[wii.guide/zh_CN/update-2.html]
[wii.guide/pl_PL/update-2.html]
[wii.guide/tr_TR/update-2.html]
[wii.guide/ko_KR/update-2.html]
[wii.guide/ro_RO/update-2.html]
[wii.guide/str2hax-2.html]
[wii.guide/es_ES/str2hax-2.html]
[wii.guide/de_DE/str2hax-2.html]
[wii.guide/fr_FR/str2hax-2.html]
[wii.guide/it_IT/str2hax-2.html]
[wii.guide/zh_CN/str2hax-2.html]
[wii.guide/pl_PL/str2hax-2.html]
[wii.guide/tr_TR/str2hax-2.html]
[wii.guide/ko_KR/str2hax-2.html]
[wii.guide/ro_RO/str2hax-2.html]
[wii.guide/letterbomb-2.html]
[wii.guide/es_ES/letterbomb-2.html]
[wii.guide/de_DE/letterbomb-2.html]
[wii.guide/fr_FR/letterbomb-2.html]
[wii.guide/it_IT/letterbomb-2.html]
[wii.guide/zh_CN/letterbomb-2.html]
[wii.guide/pl_PL/letterbomb-2.html]
[wii.guide/tr_TR/letterbomb-2.html]
[wii.guide/ko_KR/letterbomb-2.html]
[wii.guide/ro_RO/letterbomb-2.html]
[wii.guide/flashhax-2.html]
[wii.guide/es_ES/flashhax-2.html]
[wii.guide/de_DE/flashhax-2.html]
[wii.guide/fr_FR/flashhax-2.html]
[wii.guide/it_IT/flashhax-2.html]
[wii.guide/zh_CN/flashhax-2.html]
[wii.guide/pl_PL/flashhax-2.html]
[wii.guide/tr_TR/flashhax-2.html]
[wii.guide/ko_KR/flashhax-2.html]
[wii.guide/ro_RO/flashhax-2.html]
[wii.guide/bluebomb-2.html]
[wii.guide/es_ES/bluebomb-2.html]
[wii.guide/de_DE/bluebomb-2.html]
[wii.guide/fr_FR/bluebomb-2.html]
[wii.guide/it_IT/bluebomb-2.html]
[wii.guide/zh_CN/bluebomb-2.html]
[wii.guide/pl_PL/bluebomb-2.html]
[wii.guide/tr_TR/bluebomb-2.html]
[wii.guide/ko_KR/bluebomb-2.html]
[wii.guide/ro_RO/bluebomb-2.html]
[wii.guide/es_ES/cios.html]
[wii.guide/es_ES/kirby-tv.html]
[wii.guide/es_ES/wiilink.html]
[wii.guide/es_ES/riiconnect24-wii]
[wii.guide/es_ES/riiconnect24-vwii.html]
[wii.guide/es_ES/riiconnect24-dolphin.html]
[wii.guide/es_ES/riiconnect24-dns-update.html]
[wii.guide/es_ES/wiiwarepatcher.html]
[wii.guide/es_ES/deleting-vffs.html]
[wii.guide/es_ES/riiconnect24-batteryfix.html]
[wii.guide/es_ES/news000006-2.html]
[wii.guide/news000006-2.html]
[wii.guide/de_DE/news000006-2.html]
[wii.guide/fr_FR/news000006-2.html]
[wii.guide/it_IT/news000006-2.html]
[wii.guide/zh_CN/news000006-2.html]
[wii.guide/pl_PL/news000006-2.html]
[wii.guide/tr_TR/news000006-2.html]
[wii.guide/ko_KR/news000006-2.html]
[wii.guide/es_ES/news000006.html]
[wii.guide/es_ES/dosanddonts.html]
[wii.guide/ro_RO/news000006-2.html]
[wii.guide/es_ES/images/Wii/FolderStructure.png]
[wii.guide/es_ES/hbc.html]
[wii.guide/es_ES/wiimodlite.html]
[wii.guide/es_ES/wiigsc.html]
[wii.guide/es_ES/dump-games-2.html]
[wii.guide/es_ES/rssmii.html]
[wii.guide/es_ES/themes-vwii.html]
[wii.guide/es_ES/syscheck.html]
[wii.guide/es_ES/rssmii-remove.html]
[wii.guide/es_ES/riitag.html]
[wii.guide/es_ES/wiibackupmanager.html]
[wii.guide/es_ES/hbc-mini.html]
[wii.guide/es_ES/cios-mini.html]
[wii.guide/de_DE/cios.html]
[wii.guide/de_DE/kirby-tv.html]
[wii.guide/de_DE/wiilink.html]
[wii.guide/es_ES/riitag-wiiu.html]
[wii.guide/de_DE/riiconnect24-wii]
[wii.guide/de_DE/riiconnect24-vwii.html]
[wii.guide/de_DE/riiconnect24-dolphin.html]
[wii.guide/de_DE/riiconnect24-dns-update.html]
[wii.guide/de_DE/wiiwarepatcher.html]
[wii.guide/de_DE/deleting-vffs.html]
[wii.guide/de_DE/riiconnect24-batteryfix.html]
[wii.guide/de_DE/news000006.html]
[wii.guide/de_DE/dosanddonts.html]
[wii.guide/de_DE/images/Wii/FolderStructure.png]
[wii.guide/de_DE/hbc.html]
[wii.guide/de_DE/wiimodlite.html]
[wii.guide/de_DE/wiigsc.html]
[wii.guide/de_DE/dump-games-2.html]
[wii.guide/de_DE/rssmii.html]
[wii.guide/de_DE/themes-vwii.html]
[wii.guide/de_DE/syscheck.html]
[wii.guide/de_DE/rssmii-remove.html]
[wii.guide/de_DE/riitag.html]
[wii.guide/de_DE/wiibackupmanager.html]
[wii.guide/de_DE/hbc-mini.html]
[wii.guide/de_DE/cios-mini.html]
[wii.guide/fr_FR/cios.html]
[wii.guide/fr_FR/kirby-tv.html]
[wii.guide/fr_FR/wiilink.html]
[wii.guide/de_DE/riitag-wiiu.html]
[wii.guide/fr_FR/riiconnect24-wii]
[wii.guide/fr_FR/riiconnect24-vwii.html]
[wii.guide/fr_FR/riiconnect24-dolphin.html]
[wii.guide/fr_FR/riiconnect24-dns-update.html]
[wii.guide/fr_FR/wiiwarepatcher.html]
[wii.guide/fr_FR/deleting-vffs.html]
[wii.guide/fr_FR/riiconnect24-batteryfix.html]
[wii.guide/fr_FR/news000006.html]
[wii.guide/fr_FR/dosanddonts.html]
[wii.guide/fr_FR/images/Wii/FolderStructure.png]
[wii.guide/fr_FR/hbc.html]
[wii.guide/fr_FR/wiimodlite.html]
[wii.guide/fr_FR/wiigsc.html]
[wii.guide/fr_FR/dump-games-2.html]
[wii.guide/fr_FR/rssmii.html]
[wii.guide/fr_FR/themes-vwii.html]
[wii.guide/fr_FR/syscheck.html]
[wii.guide/fr_FR/rssmii-remove.html]
[wii.guide/fr_FR/riitag.html]
[wii.guide/fr_FR/wiibackupmanager.html]
[wii.guide/fr_FR/hbc-mini.html]
[wii.guide/fr_FR/cios-mini.html]
[wii.guide/it_IT/cios.html]
[wii.guide/it_IT/kirby-tv.html]
[wii.guide/it_IT/wiilink.html]
[wii.guide/fr_FR/riitag-wiiu.html]
[wii.guide/it_IT/riiconnect24-wii]
[wii.guide/it_IT/riiconnect24-vwii.html]
[wii.guide/it_IT/riiconnect24-dolphin.html]
[wii.guide/it_IT/riiconnect24-dns-update.html]
[wii.guide/it_IT/wiiwarepatcher.html]
[wii.guide/it_IT/deleting-vffs.html]
[wii.guide/it_IT/riiconnect24-batteryfix.html]
[wii.guide/it_IT/news000006.html]
[wii.guide/it_IT/dosanddonts.html]
[wii.guide/it_IT/images/Wii/FolderStructure.png]
[wii.guide/it_IT/hbc.html]
[wii.guide/it_IT/wiimodlite.html]
[wii.guide/it_IT/wiigsc.html]
[wii.guide/it_IT/dump-games-2.html]
[wii.guide/it_IT/rssmii.html]
[wii.guide/it_IT/themes-vwii.html]
[wii.guide/it_IT/syscheck.html]
[wii.guide/it_IT/rssmii-remove.html]
[wii.guide/it_IT/riitag.html]
[wii.guide/it_IT/wiibackupmanager.html]
[wii.guide/it_IT/hbc-mini.html]
[wii.guide/it_IT/cios-mini.html]
[wii.guide/it_IT/donations-2.html]
[wii.guide/zh_CN/cios.html]
[wii.guide/zh_CN/kirby-tv.html]
[wii.guide/zh_CN/wiilink.html]
[wii.guide/it_IT/riitag-wiiu.html]
[wii.guide/zh_CN/riiconnect24-wii]
[wii.guide/zh_CN/riiconnect24-vwii.html]
[wii.guide/zh_CN/riiconnect24-dolphin.html]
[wii.guide/zh_CN/riiconnect24-dns-update.html]
[wii.guide/zh_CN/wiiwarepatcher.html]
[wii.guide/zh_CN/deleting-vffs.html]
[wii.guide/zh_CN/riiconnect24-batteryfix.html]
[wii.guide/zh_CN/news000006.html]
[wii.guide/zh_CN/dosanddonts.html]
[wii.guide/zh_CN/images/Wii/FolderStructure.png]
[wii.guide/zh_CN/hbc.html]
[wii.guide/zh_CN/wiimodlite.html]
[wii.guide/zh_CN/wiigsc.html]
[wii.guide/zh_CN/dump-games-2.html]
[wii.guide/zh_CN/rssmii.html]
[wii.guide/zh_CN/themes-vwii.html]
[wii.guide/zh_CN/syscheck.html]
[wii.guide/zh_CN/rssmii-remove.html]
[wii.guide/zh_CN/riitag.html]
[wii.guide/zh_CN/wiibackupmanager.html]
[wii.guide/zh_CN/hbc-mini.html]
[wii.guide/zh_CN/cios-mini.html]
[wii.guide/pl_PL/cios.html]
[wii.guide/pl_PL/kirby-tv.html]
[wii.guide/pl_PL/wiilink.html]
[wii.guide/pl_PL/riiconnect24-wii]
[wii.guide/pl_PL/riiconnect24-vwii.html]
[wii.guide/pl_PL/riiconnect24-dolphin.html]
[wii.guide/pl_PL/riiconnect24-dns-update.html]
[wii.guide/pl_PL/wiiwarepatcher.html]
[wii.guide/pl_PL/deleting-vffs.html]
[wii.guide/pl_PL/riiconnect24-batteryfix.html]
[wii.guide/pl_PL/news000006.html]
[wii.guide/pl_PL/dosanddonts.html]
[wii.guide/pl_PL/images/Wii/FolderStructure.png]
[wii.guide/pl_PL/hbc.html]
[wii.guide/pl_PL/wiimodlite.html]
[wii.guide/pl_PL/wiigsc.html]
[wii.guide/pl_PL/dump-games-2.html]
[wii.guide/pl_PL/rssmii.html]
[wii.guide/pl_PL/themes-vwii.html]
[wii.guide/pl_PL/syscheck.html]
[wii.guide/pl_PL/rssmii-remove.html]
[wii.guide/pl_PL/riitag.html]
[wii.guide/pl_PL/wiibackupmanager.html]
[wii.guide/pl_PL/hbc-mini.html]
[wii.guide/pl_PL/cios-mini.html]
[wii.guide/tr_TR/cios.html]
[wii.guide/tr_TR/kirby-tv.html]
[wii.guide/tr_TR/wiilink.html]
[wii.guide/tr_TR/riiconnect24-wii]
[wii.guide/tr_TR/riiconnect24-vwii.html]
[wii.guide/tr_TR/riiconnect24-dolphin.html]
[wii.guide/tr_TR/riiconnect24-dns-update.html]
[wii.guide/tr_TR/wiiwarepatcher.html]
[wii.guide/tr_TR/deleting-vffs.html]
[wii.guide/tr_TR/riiconnect24-batteryfix.html]
[wii.guide/tr_TR/riiConnect24]
[wii.guide/tr_TR/news000006.html]
[wii.guide/tr_TR/dosanddonts.html]
[wii.guide/tr_TR/images/Wii/FolderStructure.png]
[wii.guide/tr_TR/hbc.html]
[wii.guide/tr_TR/wiimodlite.html]
[wii.guide/tr_TR/wiigsc.html]
[wii.guide/tr_TR/dump-games-2.html]
[wii.guide/tr_TR/rssmii.html]
[wii.guide/tr_TR/themes-vwii.html]
[wii.guide/tr_TR/syscheck.html]
[wii.guide/tr_TR/rssmii-remove.html]
[wii.guide/tr_TR/riitag.html]
[wii.guide/tr_TR/wiibackupmanager.html]
[wii.guide/tr_TR/hbc-mini.html]
[wii.guide/tr_TR/cios-mini.html]
[wii.guide/tr_TR/donations-2.html]
[wii.guide/ko_KR/cios.html]
[wii.guide/ko_KR/kirby-tv.html]
[wii.guide/ko_KR/wiilink.html]
[wii.guide/tr_TR/riitag-wiiu.html]
[wii.guide/ko_KR/riiconnect24-wii]
[wii.guide/ko_KR/riiconnect24-vwii.html]
[wii.guide/ko_KR/riiconnect24-dolphin.html]
[wii.guide/ko_KR/riiconnect24-dns-update.html]
[wii.guide/ko_KR/wiiwarepatcher.html]
[wii.guide/ko_KR/deleting-vffs.html]
[wii.guide/ko_KR/riiconnect24-batteryfix.html]
[wii.guide/ko_KR/news000006.html]
[wii.guide/ko_KR/dosanddonts.html]
[wii.guide/ko_KR/images/Wii/FolderStructure.png]
[wii.guide/ko_KR/hbc.html]
[wii.guide/ko_KR/wiimodlite.html]
[wii.guide/ko_KR/wiigsc.html]
[wii.guide/ko_KR/dump-games-2.html]
[wii.guide/ko_KR/rssmii.html]
[wii.guide/ko_KR/themes-vwii.html]
[wii.guide/ko_KR/syscheck.html]
[wii.guide/ko_KR/rssmii-remove.html]
[wii.guide/ko_KR/riitag.html]
[wii.guide/ko_KR/wiibackupmanager.html]
[wii.guide/ko_KR/hbc-mini.html]
[wii.guide/ko_KR/cios-mini.html]
[wii.guide/ro_RO/cios.html]
[wii.guide/ro_RO/kirby-tv.html]
[wii.guide/ro_RO/wiilink.html]
[wii.guide/ko_KR/riitag-wiiu.html]
[wii.guide/ro_RO/riiconnect24-wii]
[wii.guide/ro_RO/riiconnect24-vwii.html]
[wii.guide/ro_RO/riiconnect24-dolphin.html]
[wii.guide/ro_RO/riiconnect24-dns-update.html]
[wii.guide/ro_RO/wiiwarepatcher.html]
[wii.guide/ro_RO/deleting-vffs.html]
[wii.guide/ro_RO/riiconnect24-batteryfix.html]
[wii.guide/ro_RO/news000006.html]
[wii.guide/ro_RO/dosanddonts.html]
[wii.guide/ro_RO/images/Wii/FolderStructure.png]
[wii.guide/ro_RO/hbc.html]
[wii.guide/ro_RO/wiimodlite.html]
[wii.guide/ro_RO/wiigsc.html]
[wii.guide/ro_RO/dump-games-2.html]
[wii.guide/ro_RO/rssmii.html]
[wii.guide/ro_RO/themes-vwii.html]
[wii.guide/ro_RO/syscheck.html]
[wii.guide/ro_RO/rssmii-remove.html]
[wii.guide/ro_RO/riitag.html]
[wii.guide/ro_RO/wiibackupmanager.html]
[wii.guide/ro_RO/hbc-mini.html]
[wii.guide/ro_RO/cios-mini.html]
[wii.guide/cios-2.html]
[wii.guide/es_ES/cios-2.html]
[wii.guide/de_DE/cios-2.html]
[wii.guide/fr_FR/cios-2.html]
[wii.guide/it_IT/cios-2.html]
[wii.guide/zh_CN/cios-2.html]
[wii.guide/pl_PL/cios-2.html]
[wii.guide/tr_TR/cios-2.html]
[wii.guide/ko_KR/cios-2.html]
[wii.guide/ro_RO/cios-2.html]
[wii.guide/kirby-tv-2.html]
[wii.guide/es_ES/kirby-tv-2.html]
[wii.guide/de_DE/kirby-tv-2.html]
[wii.guide/fr_FR/kirby-tv-2.html]
[wii.guide/it_IT/kirby-tv-2.html]
[wii.guide/zh_CN/kirby-tv-2.html]
[wii.guide/pl_PL/kirby-tv-2.html]
[wii.guide/tr_TR/kirby-tv-2.html]
[wii.guide/ko_KR/kirby-tv-2.html]
[wii.guide/ro_RO/kirby-tv-2.html]
[wii.guide/wiilink-2.html]
[wii.guide/es_ES/wiilink-2.html]
[wii.guide/de_DE/wiilink-2.html]
[wii.guide/fr_FR/wiilink-2.html]
[wii.guide/it_IT/wiilink-2.html]
[wii.guide/zh_CN/wiilink-2.html]
[wii.guide/pl_PL/wiilink-2.html]
[wii.guide/tr_TR/wiilink-2.html]
[wii.guide/ko_KR/wiilink-2.html]
[wii.guide/ro_RO/wiilink-2.html]
[wii.guide/riiconnect24-vwii-2.html]
[wii.guide/es_ES/riiconnect24-vwii-2.html]
[wii.guide/de_DE/riiconnect24-vwii-2.html]
[wii.guide/fr_FR/riiconnect24-vwii-2.html]
[wii.guide/it_IT/riiconnect24-vwii-2.html]
[wii.guide/zh_CN/riiconnect24-vwii-2.html]
[wii.guide/pl_PL/riiconnect24-vwii-2.html]
[wii.guide/tr_TR/riiconnect24-vwii-2.html]
[wii.guide/ko_KR/riiconnect24-vwii-2.html]
[wii.guide/ro_RO/riitag-wiiu.html]
[wii.guide/ro_RO/riiconnect24-vwii-2.html]
[wii.guide/riiconnect24-wii.html]
[wii.guide/riiconnect24-dolphin-2.html]
[wii.guide/es_ES/riiconnect24-dolphin-2.html]
[wii.guide/de_DE/riiconnect24-dolphin-2.html]
[wii.guide/fr_FR/riiconnect24-dolphin-2.html]
[wii.guide/it_IT/riiconnect24-dolphin-2.html]
[wii.guide/zh_CN/riiconnect24-dolphin-2.html]
[wii.guide/pl_PL/riiconnect24-dolphin-2.html]
[wii.guide/tr_TR/riiconnect24-dolphin-2.html]
[wii.guide/ko_KR/riiconnect24-dolphin-2.html]
[wii.guide/ro_RO/riiconnect24-dolphin-2.html]
[wii.guide/riiconnect24-dns-update-2.html]
[wii.guide/es_ES/riiconnect24-dns-update-2.html]
[wii.guide/de_DE/riiconnect24-dns-update-2.html]
[wii.guide/fr_FR/riiconnect24-dns-update-2.html]
[wii.guide/it_IT/riiconnect24-dns-update-2.html]
[wii.guide/zh_CN/riiconnect24-dns-update-2.html]
[wii.guide/pl_PL/riiconnect24-dns-update-2.html]
[wii.guide/tr_TR/riiconnect24-dns-update-2.html]
[wii.guide/ko_KR/riiconnect24-dns-update-2.html]
[wii.guide/ro_RO/riiconnect24-dns-update-2.html]
[wii.guide/wiilink-demae-dominos-2.html]
[wii.guide/es_ES/wiilink-demae-dominos.html]
[wii.guide/de_DE/wiilink-demae-dominos.html]
[wii.guide/fr_FR/wiilink-demae-dominos.html]
[wii.guide/it_IT/wiilink-demae-dominos.html]
[wii.guide/zh_CN/wiilink-demae-dominos.html]
[wii.guide/pl_PL/wiilink-demae-dominos.html]
[wii.guide/tr_TR/wiilink-demae-dominos.html]
[wii.guide/ko_KR/wiilink-demae-dominos.html]
[wii.guide/ro_RO/wiilink-demae-dominos.html]
[wii.guide/wiiwarepatcher-2.html]
[wii.guide/es_ES/wiiwarepatcher-2.html]
[wii.guide/de_DE/wiiwarepatcher-2.html]
[wii.guide/fr_FR/wiiwarepatcher-2.html]
[wii.guide/it_IT/wiiwarepatcher-2.html]
[wii.guide/zh_CN/wiiwarepatcher-2.html]
[wii.guide/pl_PL/wiiwarepatcher-2.html]
[wii.guide/tr_TR/wiiwarepatcher-2.html]
[wii.guide/ko_KR/wiiwarepatcher-2.html]
[wii.guide/ro_RO/wiiwarepatcher-2.html]
[wii.guide/deleting-vffs-2.html]
[wii.guide/es_ES/deleting-vffs-2.html]
[wii.guide/de_DE/deleting-vffs-2.html]
[wii.guide/fr_FR/deleting-vffs-2.html]
[wii.guide/it_IT/deleting-vffs-2.html]
[wii.guide/zh_CN/deleting-vffs-2.html]
[wii.guide/pl_PL/deleting-vffs-2.html]
[wii.guide/tr_TR/deleting-vffs-2.html]
[wii.guide/ko_KR/deleting-vffs-2.html]
[wii.guide/ro_RO/deleting-vffs-2.html]
[wii.guide/riiconnect24-batteryfix-2.html]
[wii.guide/es_ES/riiconnect24-batteryfix-2.html]
[wii.guide/de_DE/riiconnect24-batteryfix-2.html]
[wii.guide/fr_FR/riiconnect24-batteryfix-2.html]
[wii.guide/it_IT/riiconnect24-batteryfix-2.html]
[wii.guide/zh_CN/riiconnect24-batteryfix-2.html]
[wii.guide/pl_PL/riiconnect24-batteryfix-2.html]
[wii.guide/tr_TR/riiconnect24-batteryfix-2.html]
[wii.guide/ko_KR/riiconnect24-batteryfix-2.html]
[wii.guide/ro_RO/riiconnect24-batteryfix-2.html]
[wii.guide/dosanddonts-2.html]
[wii.guide/es_ES/dosanddonts-2.html]
[wii.guide/de_DE/dosanddonts-2.html]
[wii.guide/fr_FR/dosanddonts-2.html]
[wii.guide/it_IT/dosanddonts-2.html]
[wii.guide/zh_CN/dosanddonts-2.html]
[wii.guide/pl_PL/dosanddonts-2.html]
[wii.guide/tr_TR/dosanddonts-2.html]
[wii.guide/ko_KR/dosanddonts-2.html]
[wii.guide/ro_RO/dosanddonts-2.html]
[wii.guide/hbc-2.html]
[wii.guide/es_ES/hbc-2.html]
[wii.guide/de_DE/hbc-2.html]
[wii.guide/fr_FR/hbc-2.html]
[wii.guide/it_IT/hbc-2.html]
[wii.guide/zh_CN/hbc-2.html]
[wii.guide/pl_PL/hbc-2.html]
[wii.guide/tr_TR/hbc-2.html]
[wii.guide/ko_KR/hbc-2.html]
[wii.guide/ro_RO/hbc-2.html]
[wii.guide/wiimodlite-2.html]
[wii.guide/es_ES/wiimodlite-2.html]
[wii.guide/de_DE/wiimodlite-2.html]
[wii.guide/fr_FR/wiimodlite-2.html]
[wii.guide/it_IT/wiimodlite-2.html]
[wii.guide/zh_CN/wiimodlite-2.html]
[wii.guide/pl_PL/wiimodlite-2.html]
[wii.guide/tr_TR/wiimodlite-2.html]
[wii.guide/ko_KR/wiimodlite-2.html]
[wii.guide/ro_RO/wiimodlite-2.html]
[wii.guide/wiigsc-2.html]
[wii.guide/es_ES/wiigsc-2.html]
[wii.guide/de_DE/wiigsc-2.html]
[wii.guide/fr_FR/wiigsc-2.html]
[wii.guide/it_IT/wiigsc-2.html]
[wii.guide/zh_CN/wiigsc-2.html]
[wii.guide/pl_PL/wiigsc-2.html]
[wii.guide/tr_TR/wiigsc-2.html]
[wii.guide/ko_KR/wiigsc-2.html]
[wii.guide/ro_RO/wiigsc-2.html]
[wii.guide/rssmii-2.html]
[wii.guide/es_ES/rssmii-2.html]
[wii.guide/de_DE/rssmii-2.html]
[wii.guide/fr_FR/rssmii-2.html]
[wii.guide/it_IT/rssmii-2.html]
[wii.guide/zh_CN/rssmii-2.html]
[wii.guide/pl_PL/rssmii-2.html]
[wii.guide/tr_TR/rssmii-2.html]
[wii.guide/ko_KR/rssmii-2.html]
[wii.guide/ro_RO/rssmii-2.html]
[wii.guide/themes-vwii-2.html]
[wii.guide/es_ES/themes-vwii-2.html]
[wii.guide/de_DE/themes-vwii-2.html]
[wii.guide/fr_FR/themes-vwii-2.html]
[wii.guide/it_IT/themes-vwii-2.html]
[wii.guide/zh_CN/themes-vwii-2.html]
[wii.guide/pl_PL/themes-vwii-2.html]
[wii.guide/tr_TR/themes-vwii-2.html]
[wii.guide/ko_KR/themes-vwii-2.html]
[wii.guide/ro_RO/themes-vwii-2.html]
[wii.guide/syscheck-2.html]
[wii.guide/es_ES/syscheck-2.html]
[wii.guide/de_DE/syscheck-2.html]
[wii.guide/fr_FR/syscheck-2.html]
[wii.guide/it_IT/syscheck-2.html]
[wii.guide/zh_CN/syscheck-2.html]
[wii.guide/pl_PL/syscheck-2.html]
[wii.guide/tr_TR/syscheck-2.html]
[wii.guide/ko_KR/syscheck-2.html]
[wii.guide/ro_RO/syscheck-2.html]
[wii.guide/rssmii-remove-2.html]
[wii.guide/es_ES/rssmii-remove-2.html]
[wii.guide/de_DE/rssmii-remove-2.html]
[wii.guide/fr_FR/rssmii-remove-2.html]
[wii.guide/it_IT/rssmii-remove-2.html]
[wii.guide/zh_CN/rssmii-remove-2.html]
[wii.guide/pl_PL/rssmii-remove-2.html]
[wii.guide/tr_TR/rssmii-remove-2.html]
[wii.guide/ko_KR/rssmii-remove-2.html]
[wii.guide/ro_RO/rssmii-remove-2.html]
[wii.guide/riitag-2.html]
[wii.guide/es_ES/riitag-2.html]
[wii.guide/de_DE/riitag-2.html]
[wii.guide/fr_FR/riitag-2.html]
[wii.guide/it_IT/riitag-2.html]
[wii.guide/zh_CN/riitag-2.html]
[wii.guide/pl_PL/riitag-2.html]
[wii.guide/tr_TR/riitag-2.html]
[wii.guide/ko_KR/riitag-2.html]
[wii.guide/ro_RO/riitag-2.html]
[wii.guide/riitag-wiiu-2.html]
[wii.guide/es_ES/riitag-wiiu-2.html]
[wii.guide/de_DE/riitag-wiiu-2.html]
[wii.guide/fr_FR/riitag-wiiu-2.html]
[wii.guide/it_IT/riitag-wiiu-2.html]
[wii.guide/zh_CN/riitag-wiiu.html]
[wii.guide/pl_PL/riitag-wiiu.html]
[wii.guide/tr_TR/riitag-wiiu-2.html]
[wii.guide/ko_KR/riitag-wiiu-2.html]
[wii.guide/riitag-wiiu.html]
[wii.guide/rtc-2.html]
[wii.guide/es_ES/rtc.html]
[wii.guide/de_DE/rtc.html]
[wii.guide/fr_FR/rtc.html]
[wii.guide/it_IT/rtc.html]
[wii.guide/zh_CN/rtc.html]
[wii.guide/pl_PL/rtc.html]
[wii.guide/tr_TR/rtc.html]
[wii.guide/ko_KR/rtc.html]
[wii.guide/ro_RO/rtc.html]
[wii.guide/wiibackupmanager-2.html]
[wii.guide/es_ES/wiibackupmanager-2.html]
[wii.guide/de_DE/wiibackupmanager-2.html]
[wii.guide/fr_FR/wiibackupmanager-2.html]
[wii.guide/it_IT/wiibackupmanager-2.html]
[wii.guide/zh_CN/wiibackupmanager-2.html]
[wii.guide/pl_PL/wiibackupmanager-2.html]
[wii.guide/tr_TR/wiibackupmanager-2.html]
[wii.guide/ko_KR/wiibackupmanager-2.html]
[wii.guide/ro_RO/wiibackupmanager-2.html]
[wii.guide/hbc-mini-2.html]
[wii.guide/es_ES/hbc-mini-2.html]
[wii.guide/de_DE/hbc-mini-2.html]
[wii.guide/fr_FR/hbc-mini-2.html]
[wii.guide/it_IT/hbc-mini-2.html]
[wii.guide/zh_CN/hbc-mini-2.html]
[wii.guide/pl_PL/hbc-mini-2.html]
[wii.guide/tr_TR/hbc-mini-2.html]
[wii.guide/ko_KR/hbc-mini-2.html]
[wii.guide/ro_RO/hbc-mini-2.html]
[wii.guide/cios-mini-2.html]
[wii.guide/es_ES/cios-mini-2.html]
[wii.guide/de_DE/cios-mini-2.html]
[wii.guide/fr_FR/cios-mini-2.html]
[wii.guide/it_IT/cios-mini-2.html]
[wii.guide/zh_CN/cios-mini-2.html]
[wii.guide/pl_PL/cios-mini-2.html]
[wii.guide/tr_TR/cios-mini-2.html]
[wii.guide/ko_KR/cios-mini-2.html]
[wii.guide/ro_RO/cios-mini-2.html]
[wii.guide/images/cIOS.html]
[wii.guide/es_ES/images/WFmenu.html]
[wii.guide/de_DE/images/WFmenu.html]
[wii.guide/fr_FR/images/WFmenu.html]
[wii.guide/it_IT/images/WFmenu.html]
[wii.guide/zh_CN/images/WFmenu.html]
[wii.guide/pl_PL/images/WFmenu.html]
[wii.guide/tr_TR/images/WFmenu.html]
[wii.guide/ko_KR/images/WFmenu.html]
[wii.guide/ro_RO/images/WFmenu.html]
[wii.guide/fr_FR/credits-2.html]
[wii.guide/credits-2.html]
[wii.guide/es_ES/credits-2.html]
[wii.guide/de_DE/credits-2.html]
[wii.guide/it_IT/credits.html]
[wii.guide/zh_CN/credits-2.html]
[wii.guide/pl_PL/credits-2.html]
[wii.guide/tr_TR/credits-2.html]
[wii.guide/ko_KR/credits-2.html]
[wii.guide/ro_RO/credits-2.html]
[wii.guide/es_ES/riiconnect24-wii.html]
[wii.guide/es_ES/news000006-2.html]
[wii.guide/news000006-2.html]
[wii.guide/de_DE/news000006-2.html]
[wii.guide/fr_FR/news000006-2.html]
[wii.guide/it_IT/news000006-2.html]
[wii.guide/zh_CN/news000006-2.html]
[wii.guide/pl_PL/news000006-2.html]
[wii.guide/tr_TR/news000006-2.html]
[wii.guide/ko_KR/news000006-2.html]
[wii.guide/ro_RO/news000006-2.html]
[wii.guide/es_ES/images/Wii/FolderStructure.html]
[wii.guide/es_ES/riitag-wiiu.html]
[wii.guide/de_DE/riiconnect24-wii.html]
[wii.guide/de_DE/images/Wii/FolderStructure.html]
[wii.guide/de_DE/riitag-wiiu.html]
[wii.guide/fr_FR/riiconnect24-wii.html]
[wii.guide/fr_FR/images/Wii/FolderStructure.html]
[wii.guide/fr_FR/riitag-wiiu.html]
[wii.guide/it_IT/riiconnect24-wii.html]
[wii.guide/it_IT/images/Wii/FolderStructure.html]
[wii.guide/ro_RO/riitag-wiiu-2.html]
[wii.guide/it_IT/riitag-wiiu.html]
[wii.guide/zh_CN/riiconnect24-wii.html]
[wii.guide/zh_CN/images/Wii/FolderStructure.html]
[wii.guide/pl_PL/riiconnect24-wii.html]
[wii.guide/pl_PL/images/Wii/FolderStructure.html]
[wii.guide/tr_TR/riiconnect24-wii.html]
[wii.guide/tr_TR/riiConnect24-3.html]
[wii.guide/tr_TR/images/Wii/FolderStructure.html]
[wii.guide/tr_TR/riitag-wiiu.html]
[wii.guide/ko_KR/riiconnect24-wii.html]
[wii.guide/ko_KR/images/Wii/FolderStructure.html]
[wii.guide/ko_KR/riitag-wiiu.html]
[wii.guide/ro_RO/riiconnect24-wii.html]
[wii.guide/ro_RO/images/Wii/FolderStructure.html]
[wii.guide/ro_RO/riitag-wiiu.html]
[wii.guide/riitag-wiiu-2.html]
[wii.guide/es_ES/riitag-wiiu-2.html]
[wii.guide/de_DE/riitag-wiiu-2.html]
[wii.guide/fr_FR/riitag-wiiu-2.html]
[wii.guide/it_IT/riitag-wiiu-2.html]
[wii.guide/zh_CN/riitag-wiiu.html]
[wii.guide/pl_PL/riitag-wiiu.html]
[wii.guide/tr_TR/riitag-wiiu-2.html]
[wii.guide/ko_KR/riitag-wiiu-2.html]
[wii.guide/ro_RO/riitag-wiiu-2.html]
